Archive member included to satisfy reference by file (symbol)

/Applications/VEXcode Pro V5.app/Contents/Resources/sdk/vexv5/libv5rt.a(v5_startup.c.obj)
                              (vexStartup)
/Applications/VEXcode Pro V5.app/Contents/Resources/sdk/vexv5/libv5rt.a(v5_util.c.obj)
                              /Applications/VEXcode Pro V5.app/Contents/Resources/sdk/vexv5/libv5rt.a(v5_startup.c.obj) (vexStdlibVersionLinked)
/Applications/VEXcode Pro V5.app/Contents/Resources/sdk/vexv5/libv5rt.a(v5_apijump.c.obj)
                              /Applications/VEXcode Pro V5.app/Contents/Resources/sdk/vexv5/libv5rt.a(v5_startup.c.obj) (vexPrivateApiEnable)
/Applications/VEXcode Pro V5.app/Contents/Resources/sdk/vexv5/libv5rt.a(v5_apiversions.c.obj)
                              /Applications/VEXcode Pro V5.app/Contents/Resources/sdk/vexv5/libv5rt.a(v5_apijump.c.obj) (vexSystemVersion)
/Applications/VEXcode Pro V5.app/Contents/Resources/sdk/vexv5/libv5rt.a(vex_global.cpp.obj)
                              build/src/Autons.o (vex::wait(double, vex::timeUnits))
/Applications/VEXcode Pro V5.app/Contents/Resources/sdk/vexv5/libv5rt.a(vex_motor.cpp.obj)
                              build/src/DriveFunctions.o (vex::motor::~motor())
/Applications/VEXcode Pro V5.app/Contents/Resources/sdk/vexv5/libv5rt.a(vex_vision.cpp.obj)
                              build/src/Functions.o (vex::vision::~vision())
/Applications/VEXcode Pro V5.app/Contents/Resources/sdk/vexv5/libv5rt.a(vex_imu.cpp.obj)
                              build/src/DriveFunctions.o (vex::inertial::~inertial())
/Applications/VEXcode Pro V5.app/Contents/Resources/sdk/vexv5/libv5rt.a(vex_controller.cpp.obj)
                              build/src/robot-config.o (vex::controller::~controller())
/Applications/VEXcode Pro V5.app/Contents/Resources/sdk/vexv5/libv5rt.a(vex_thread.cpp.obj)
                              /Applications/VEXcode Pro V5.app/Contents/Resources/sdk/vexv5/libv5rt.a(vex_global.cpp.obj) (vex::this_thread::sleep_for(unsigned long))
/Applications/VEXcode Pro V5.app/Contents/Resources/sdk/vexv5/libv5rt.a(vex_event.cpp.obj)
                              /Applications/VEXcode Pro V5.app/Contents/Resources/sdk/vexv5/libv5rt.a(vex_imu.cpp.obj) (vex::event::init(unsigned long, unsigned long, void (*)()))
/Applications/VEXcode Pro V5.app/Contents/Resources/sdk/vexv5/libv5rt.a(vex_mevent.cpp.obj)
                              /Applications/VEXcode Pro V5.app/Contents/Resources/sdk/vexv5/libv5rt.a(vex_controller.cpp.obj) (vex::mevent::mevent(unsigned long, unsigned long))
/Applications/VEXcode Pro V5.app/Contents/Resources/sdk/vexv5/libv5rt.a(vex_brain.cpp.obj)
                              build/src/DriveFunctions.o (vex::brain::timer(vex::timeUnits))
/Applications/VEXcode Pro V5.app/Contents/Resources/sdk/vexv5/libv5rt.a(vex_competition.cpp.obj)
                              build/src/main.o (vex::competition::competition())
/Applications/VEXcode Pro V5.app/Contents/Resources/sdk/vexv5/libv5rt.a(vex_triport.cpp.obj)
                              /Applications/VEXcode Pro V5.app/Contents/Resources/sdk/vexv5/libv5rt.a(vex_brain.cpp.obj) (vex::triport::~triport())
/Applications/VEXcode Pro V5.app/Contents/Resources/sdk/vexv5/libv5rt.a(vex_color.cpp.obj)
                              /Applications/VEXcode Pro V5.app/Contents/Resources/sdk/vexv5/libv5rt.a(vex_brain.cpp.obj) (vex::color::operator unsigned long() const)
/Applications/VEXcode Pro V5.app/Contents/Resources/sdk/vexv5/libv5rt.a(vex_timer.cpp.obj)
                              /Applications/VEXcode Pro V5.app/Contents/Resources/sdk/vexv5/libv5rt.a(vex_brain.cpp.obj) (vex::timer::~timer())
/Applications/VEXcode Pro V5.app/Contents/Resources/sdk/vexv5/libv5rt.a(v5_apiuser.c.obj)
                              /Applications/VEXcode Pro V5.app/Contents/Resources/sdk/vexv5/libv5rt.a(vex_triport.cpp.obj) (vexAdiPortConfigSet)
/Applications/VEXcode Pro V5.app/Contents/Resources/sdk/vexv5/libv5rt.a(vex_device.cpp.obj)
                              /Applications/VEXcode Pro V5.app/Contents/Resources/sdk/vexv5/libv5rt.a(vex_motor.cpp.obj) (vex::device::~device())
/Applications/VEXcode Pro V5.app/Contents/Resources/sdk/vexv5/libv5rt.a(vex_task.cpp.obj)
                              /Applications/VEXcode Pro V5.app/Contents/Resources/sdk/vexv5/libv5rt.a(vex_competition.cpp.obj) (vex::task::task(int (*)()))
/Applications/VEXcode Pro V5.app/Contents/Resources/sdk/vexv5/gcc/libs/libc.a(lib_a-aeabi_memclr.o)
                              build/src/DriveFunctions.o (__aeabi_memclr8)
/Applications/VEXcode Pro V5.app/Contents/Resources/sdk/vexv5/gcc/libs/libc.a(lib_a-aeabi_memcpy.o)
                              build/src/AutonSupport.o (__aeabi_memcpy)
/Applications/VEXcode Pro V5.app/Contents/Resources/sdk/vexv5/gcc/libs/libc.a(lib_a-aeabi_memset-soft.o)
                              /Applications/VEXcode Pro V5.app/Contents/Resources/sdk/vexv5/gcc/libs/libc.a(lib_a-aeabi_memclr.o) (__aeabi_memset)
[...]
Memory Configuration

Name             Origin             Length             Attributes
ps7_ddr_0_S_AXI_BASEADDR 0x0000000003800000 0x0000000004800000
*default*        0x0000000000000000 0xffffffffffffffff

Linker script and memory map

                0x0000000000002000                _STACK_SIZE = DEFINED (_STACK_SIZE)?_STACK_SIZE:0x2000
                0x0000000000100000                _HEAP_SIZE = DEFINED (_HEAP_SIZE)?_HEAP_SIZE:0x100000
                0x0000000000000400                _ABORT_STACK_SIZE = DEFINED (_ABORT_STACK_SIZE)?_ABORT_STACK_SIZE:0x400
                0x0000000000000800                _SUPERVISOR_STACK_SIZE = DEFINED (_SUPERVISOR_STACK_SIZE)?_SUPERVISOR_STACK_SIZE:0x800
                0x0000000000000400                _IRQ_STACK_SIZE = DEFINED (_IRQ_STACK_SIZE)?_IRQ_STACK_SIZE:0x400
                0x0000000000000400                _FIQ_STACK_SIZE = DEFINED (_FIQ_STACK_SIZE)?_FIQ_STACK_SIZE:0x400
                0x0000000000000400                _UNDEF_STACK_SIZE = DEFINED (_UNDEF_STACK_SIZE)?_UNDEF_STACK_SIZE:0x400

.text           0x0000000003800000     0x5f40
 *(.vectors)
 *(.boot_data)
 .boot_data     0x0000000003800000       0x20 /Applications/VEXcode Pro V5.app/Contents/Resources/sdk/vexv5/libv5rt.a(v5_startup.c.obj)
                0x0000000003800000                vexCodeSig
                0x0000000000000020                . = 0x20
 *(.boot)
 .boot          0x0000000003800020       0xbc /Applications/VEXcode Pro V5.app/Contents/Resources/sdk/vexv5/libv5rt.a(v5_startup.c.obj)
                0x0000000003800020                vexStartup
                0x0000000003800100                . = ALIGN (0x40)
 *fill*         0x00000000038000dc       0x24 
 *(.freertos_vectors)
 *(.text)
 .text          0x0000000003800100       0x9a /Applications/VEXcode Pro V5.app/Contents/Resources/sdk/vexv5/gcc/libs/libc.a(lib_a-aeabi_memset-soft.o)
                0x0000000003800100                __aeabi_memset4
                0x0000000003800100                __aeabi_memset8
                0x0000000003800100                __aeabi_memset
 *fill*         0x000000000380019a        0x2 
 .text          0x000000000380019c      0x370 /Applications/VEXcode Pro V5.app/Contents/Resources/sdk/vexv5/gcc/libs/libgcc.a(_arm_addsubdf3.o)
                0x000000000380019c                __aeabi_drsub
                0x00000000038001a4                __aeabi_dsub
                0x00000000038001a4                __subdf3
                0x00000000038001a8                __adddf3
                0x00000000038001a8                __aeabi_dadd
                0x0000000003800420                __floatunsidf
                0x0000000003800420                __aeabi_ui2d
                0x0000000003800440                __aeabi_i2d
                0x0000000003800440                __floatsidf
                0x0000000003800464                __extendsfdf2
                0x0000000003800464                __aeabi_f2d
                0x00000000038004a0                __aeabi_ul2d
                0x00000000038004a0                __floatundidf
                0x00000000038004b0                __floatdidf
                0x00000000038004b0                __aeabi_l2d
 *fill*         0x000000000380050c        0x4 
 .text          0x0000000003800510       0x48 /Applications/VEXcode Pro V5.app/Contents/Resources/sdk/vexv5/gcc/libs/libgcc.a(_fixunsdfdi.o)
                0x0000000003800510                __aeabi_d2ulz
                0x0000000003800510                __fixunsdfdi
 *(.text.*)
 .text._Z12Paint_Screenv
                0x0000000003800558       0x4c build/src/AutonSupport.o
                0x0000000003800558                Paint_Screen()
 .text._Z12cycle_autonsv
                0x00000000038005a4       0xd0 build/src/AutonSupport.o
                0x00000000038005a4                cycle_autons()
 *fill*         0x0000000003800674        0x4 
 .text._Z6Auton1v
                0x0000000003800678       0x90 build/src/Autons.o
                0x0000000003800678                Auton1()
 .text._Z12AutonSkills1v
                0x0000000003800708      0x25c build/src/Autons.o
                0x0000000003800708                AutonSkills1()
 *fill*         0x0000000003800964        0x4 
 .text._Z12AutonSkills2v
                0x0000000003800968      0x318 build/src/Autons.o
                0x0000000003800968                AutonSkills2()
 .text._Z9userDrivev
                0x0000000003800c80      0x108 build/src/DriveFunctions.o
                0x0000000003800c80                userDrive()
 .text._Z10moveLinearfih
                0x0000000003800d88      0x44c build/src/DriveFunctions.o
                0x0000000003800d88                moveLinear(float, int, unsigned char)
 .text._Z8moveStopv
                0x00000000038011d4       0x4c build/src/DriveFunctions.o
                0x00000000038011d4                moveStop()
 .text._Z10moveRotatesih
                0x0000000003801220      0x424 build/src/DriveFunctions.o
                0x0000000003801220                moveRotate(short, int, unsigned char)
 .text._Z11setLinGainsddddi
                0x0000000003801644       0x54 build/src/DriveFunctions.o
                0x0000000003801644                setLinGains(double, double, double, double, int)
 .text._Z11setRotGainsddddi
                0x0000000003801698       0x54 build/src/DriveFunctions.o
                0x0000000003801698                setRotGains(double, double, double, double, int)
 .text._GLOBAL__sub_I_DriveFunctions.cpp
                0x00000000038016ec      0x128 build/src/DriveFunctions.o
 .text._ZN3vex6visionC2IJNS0_9signatureES2_S2_S2_S2_S2_S2_EEElhDpRT_
                0x0000000003801814       0x64 build/src/Functions.o
                0x0000000003801814                vex::vision::vision<vex::vision::signature, vex::vision::signature, vex::vision::signature, vex::vision::signature, vex::vision::signature, vex::vision::signature, vex::vision::signature>(long, unsigned char, vex::vision::signature&, vex::vision::signature&, vex::vision::signature&, vex::vision::signature&, vex::vision::signature&, vex::vision::signature&, vex::vision::signature&)
 .text._Z5punchv
                0x0000000003801878       0x80 build/src/Functions.o
                0x0000000003801878                punch()
 .text._Z9punchBackv
                0x00000000038018f8       0x80 build/src/Functions.o
                0x00000000038018f8                punchBack()
 .text._Z8intakeUpf
                0x0000000003801978       0xe0 build/src/Functions.o
                0x0000000003801978                intakeUp(float)
 .text._Z12cameraCenteri
                0x0000000003801a58      0x308 build/src/Functions.o
                0x0000000003801a58                cameraCenter(int)
 .text._Z5towerv
                0x0000000003801d60      0x100 build/src/Functions.o
                0x0000000003801d60                tower()
 .text._ZN3vex6vision7_setsigINS0_9signatureEJS2_S2_S2_S2_EEEvRT_DpRT0_
                0x0000000003801e60       0x4c build/src/Functions.o
                0x0000000003801e60                void vex::vision::_setsig<vex::vision::signature, vex::vision::signature, vex::vision::signature, vex::vision::signature, vex::vision::signature>(vex::vision::signature&, vex::vision::signature&, vex::vision::signature&, vex::vision::signature&, vex::vision::signature&)
 .text._GLOBAL__sub_I_Functions.cpp
                0x0000000003801eac      0x2e0 build/src/Functions.o
 .text._Z7pidInitP11pidStruct_tddddi
                0x000000000380218c       0x50 build/src/PID.o
                0x000000000380218c                pidInit(pidStruct_t*, double, double, double, double, int)
 *fill*         0x00000000038021dc        0x4 
 .text._Z12pidCalculateP11pidStruct_tdd
                0x00000000038021e0      0x1d0 build/src/PID.o
                0x00000000038021e0                pidCalculate(pidStruct_t*, double, double)
 .text._Z14printPIDValuesP11pidStruct_t
                0x00000000038023b0       0xe4 build/src/PID.o
                0x00000000038023b0                printPIDValues(pidStruct_t*)
 .text._Z9pre_autonv
                0x0000000003802494       0x40 build/src/main.o
                0x0000000003802494                pre_auton()
 .text._Z10autonomousv
                0x00000000038024d4       0x30 build/src/main.o
                0x00000000038024d4                autonomous()
 *fill*         0x0000000003802504        0x4 
 .text._Z11usercontrolv
                0x0000000003802508      0x120 build/src/main.o
                0x0000000003802508                usercontrol()
 .text.main     0x0000000003802628       0x68 build/src/main.o
                0x0000000003802628                main
 .text._GLOBAL__sub_I_main.cpp
                0x0000000003802690       0x34 build/src/main.o
 .text._Z11vexcodeInitv
                0x00000000038026c4        0x4 build/src/robot-config.o
                0x00000000038026c4                vexcodeInit()
 .text._GLOBAL__sub_I_robot_config.cpp
                0x00000000038026c8      0x17c build/src/robot-config.o
 .text.vexMain  0x0000000003802844       0xb0 /Applications/VEXcode Pro V5.app/Contents/Resources/sdk/vexv5/libv5rt.a(v5_startup.c.obj)
                0x0000000003802844                vexMain
 .text.__vex_function_prolog
                0x00000000038028f4       0x18 /Applications/VEXcode Pro V5.app/Contents/Resources/sdk/vexv5/libv5rt.a(v5_startup.c.obj)
                0x00000000038028f4                __vex_function_prolog
 .text._init    0x000000000380290c        0x4 /Applications/VEXcode Pro V5.app/Contents/Resources/sdk/vexv5/libv5rt.a(v5_startup.c.obj)
                0x000000000380290c                _init
 .text._fini    0x0000000003802910        0x4 /Applications/VEXcode Pro V5.app/Contents/Resources/sdk/vexv5/libv5rt.a(v5_startup.c.obj)
                0x0000000003802910                _fini
 .text.vexStdlibVersionLinked
                0x0000000003802914        0xc /Applications/VEXcode Pro V5.app/Contents/Resources/sdk/vexv5/libv5rt.a(v5_util.c.obj)
                0x0000000003802914                vexStdlibVersionLinked
 .text.vexStdlibVersionVerify
                0x0000000003802920       0x30 /Applications/VEXcode Pro V5.app/Contents/Resources/sdk/vexv5/libv5rt.a(v5_util.c.obj)
                0x0000000003802920                vexStdlibVersionVerify
 .text.vexPrivateApiEnable
                0x0000000003802950       0x10 /Applications/VEXcode Pro V5.app/Contents/Resources/sdk/vexv5/libv5rt.a(v5_apijump.c.obj)
                0x0000000003802950                vexPrivateApiEnable
 .text.vexStdlibMismatchError
                0x0000000003802960       0x3c /Applications/VEXcode Pro V5.app/Contents/Resources/sdk/vexv5/libv5rt.a(v5_apijump.c.obj)
                0x0000000003802960                vexStdlibMismatchError
 .text.vexTaskAdd
                0x000000000380299c       0x10 /Applications/VEXcode Pro V5.app/Contents/Resources/sdk/vexv5/libv5rt.a(v5_apijump.c.obj)
                0x000000000380299c                vexTaskAdd
 .text.vexTasksRun
                0x00000000038029ac       0x10 /Applications/VEXcode Pro V5.app/Contents/Resources/sdk/vexv5/libv5rt.a(v5_apijump.c.obj)
                0x00000000038029ac                vexTasksRun
 .text.vexTaskYield
                0x00000000038029bc       0x10 /Applications/VEXcode Pro V5.app/Contents/Resources/sdk/vexv5/libv5rt.a(v5_apijump.c.obj)
                0x00000000038029bc                vexTaskYield
 .text.vexTaskCheckTimeslice
                0x00000000038029cc       0x10 /Applications/VEXcode Pro V5.app/Contents/Resources/sdk/vexv5/libv5rt.a(v5_apijump.c.obj)
                0x00000000038029cc                vexTaskCheckTimeslice
 .text.vexTaskSleep
                0x00000000038029dc       0x10 /Applications/VEXcode Pro V5.app/Contents/Resources/sdk/vexv5/libv5rt.a(v5_apijump.c.obj)
                0x00000000038029dc                vexTaskSleep
 .text.vexTasksDump
                0x00000000038029ec       0x1c /Applications/VEXcode Pro V5.app/Contents/Resources/sdk/vexv5/libv5rt.a(v5_apijump.c.obj)
                0x00000000038029ec                vexTasksDump
 .text.vexTaskGetTaskIndex
                0x0000000003802a08       0x10 /Applications/VEXcode Pro V5.app/Contents/Resources/sdk/vexv5/libv5rt.a(v5_apijump.c.obj)
                0x0000000003802a08                vexTaskGetTaskIndex
 .text.vexTaskStopAll
                0x0000000003802a18       0x10 /Applications/VEXcode Pro V5.app/Contents/Resources/sdk/vexv5/libv5rt.a(v5_apijump.c.obj)
                0x0000000003802a18                vexTaskStopAll
 .text.vexTaskRemoveAllUser
                0x0000000003802a28       0x34 /Applications/VEXcode Pro V5.app/Contents/Resources/sdk/vexv5/libv5rt.a(v5_apijump.c.obj)
                0x0000000003802a28                vexTaskRemoveAllUser
 .text.vexTaskCompletionIdSet
                0x0000000003802a5c       0x10 /Applications/VEXcode Pro V5.app/Contents/Resources/sdk/vexv5/libv5rt.a(v5_apijump.c.obj)
                0x0000000003802a5c                vexTaskCompletionIdSet
 .text.vexTaskStopWithId
                0x0000000003802a6c       0x10 /Applications/VEXcode Pro V5.app/Contents/Resources/sdk/vexv5/libv5rt.a(v5_apijump.c.obj)
                0x0000000003802a6c                vexTaskStopWithId
 .text.vexCriticalSection
                0x0000000003802a7c       0x2c /Applications/VEXcode Pro V5.app/Contents/Resources/sdk/vexv5/libv5rt.a(v5_apijump.c.obj)
                0x0000000003802a7c                vexCriticalSection
 .text.vexEventAdd
                0x0000000003802aa8       0x34 /Applications/VEXcode Pro V5.app/Contents/Resources/sdk/vexv5/libv5rt.a(v5_apijump.c.obj)
                0x0000000003802aa8                vexEventAdd
 .text.vexEventUserIndexGet
                0x0000000003802adc       0x1c /Applications/VEXcode Pro V5.app/Contents/Resources/sdk/vexv5/libv5rt.a(v5_apijump.c.obj)
                0x0000000003802adc                vexEventUserIndexGet
 .text.vexEventAddWithArg
                0x0000000003802af8       0x3c /Applications/VEXcode Pro V5.app/Contents/Resources/sdk/vexv5/libv5rt.a(v5_apijump.c.obj)
                0x0000000003802af8                vexEventAddWithArg
 .text.vexEventsCleanup
                0x0000000003802b34       0x2c /Applications/VEXcode Pro V5.app/Contents/Resources/sdk/vexv5/libv5rt.a(v5_apijump.c.obj)
                0x0000000003802b34                vexEventsCleanup
 .text.vexDebug
                0x0000000003802b60       0x38 /Applications/VEXcode Pro V5.app/Contents/Resources/sdk/vexv5/libv5rt.a(v5_apijump.c.obj)
                0x0000000003802b60                vexDebug
 .text.vex_sprintf
                0x0000000003802b98       0x40 /Applications/VEXcode Pro V5.app/Contents/Resources/sdk/vexv5/libv5rt.a(v5_apijump.c.obj)
                0x0000000003802b98                vex_sprintf
 .text.vex_vsnprintf
                0x0000000003802bd8       0x3c /Applications/VEXcode Pro V5.app/Contents/Resources/sdk/vexv5/libv5rt.a(v5_apijump.c.obj)
                0x0000000003802bd8                vex_vsnprintf
 .text.vexSystemTimeGet
                0x0000000003802c14       0x1c /Applications/VEXcode Pro V5.app/Contents/Resources/sdk/vexv5/libv5rt.a(v5_apijump.c.obj)
                0x0000000003802c14                vexSystemTimeGet
 .text.vexSystemExitRequest
                0x0000000003802c30       0x1c /Applications/VEXcode Pro V5.app/Contents/Resources/sdk/vexv5/libv5rt.a(v5_apijump.c.obj)
                0x0000000003802c30                vexSystemExitRequest
 .text.vexDeviceGetByIndex
                0x0000000003802c4c       0x24 /Applications/VEXcode Pro V5.app/Contents/Resources/sdk/vexv5/libv5rt.a(v5_apijump.c.obj)
                0x0000000003802c4c                vexDeviceGetByIndex
 .text.vexControllerGet
                0x0000000003802c70       0x2c /Applications/VEXcode Pro V5.app/Contents/Resources/sdk/vexv5/libv5rt.a(v5_apijump.c.obj)
                0x0000000003802c70                vexControllerGet
 .text.vexControllerTextSet
                0x0000000003802c9c       0x74 /Applications/VEXcode Pro V5.app/Contents/Resources/sdk/vexv5/libv5rt.a(v5_apijump.c.obj)
                0x0000000003802c9c                vexControllerTextSet
 .text.vexDeviceAdiPortConfigSet
                0x0000000003802d10       0x34 /Applications/VEXcode Pro V5.app/Contents/Resources/sdk/vexv5/libv5rt.a(v5_apijump.c.obj)
                0x0000000003802d10                vexDeviceAdiPortConfigSet
 .text.vexDeviceAdiPortConfigGet
                0x0000000003802d44       0x2c /Applications/VEXcode Pro V5.app/Contents/Resources/sdk/vexv5/libv5rt.a(v5_apijump.c.obj)
                0x0000000003802d44                vexDeviceAdiPortConfigGet
 .text.vexDeviceAdiValueGet
                0x0000000003802d70       0x2c /Applications/VEXcode Pro V5.app/Contents/Resources/sdk/vexv5/libv5rt.a(v5_apijump.c.obj)
                0x0000000003802d70                vexDeviceAdiValueGet
 .text.vexDeviceMotorVelocitySet
                0x0000000003802d9c       0x2c /Applications/VEXcode Pro V5.app/Contents/Resources/sdk/vexv5/libv5rt.a(v5_apijump.c.obj)
                0x0000000003802d9c                vexDeviceMotorVelocitySet
 .text.vexDeviceMotorVoltageSet
                0x0000000003802dc8       0x2c /Applications/VEXcode Pro V5.app/Contents/Resources/sdk/vexv5/libv5rt.a(v5_apijump.c.obj)
                0x0000000003802dc8                vexDeviceMotorVoltageSet
 .text.vexDeviceMotorActualVelocityGet
                0x0000000003802df4       0x24 /Applications/VEXcode Pro V5.app/Contents/Resources/sdk/vexv5/libv5rt.a(v5_apijump.c.obj)
                0x0000000003802df4                vexDeviceMotorActualVelocityGet
 .text.vexDeviceMotorZeroPositionFlagGet
                0x0000000003802e18       0x24 /Applications/VEXcode Pro V5.app/Contents/Resources/sdk/vexv5/libv5rt.a(v5_apijump.c.obj)
                0x0000000003802e18                vexDeviceMotorZeroPositionFlagGet
 .text.vexDeviceMotorReverseFlagSet
                0x0000000003802e3c       0x2c /Applications/VEXcode Pro V5.app/Contents/Resources/sdk/vexv5/libv5rt.a(v5_apijump.c.obj)
                0x0000000003802e3c                vexDeviceMotorReverseFlagSet
 .text.vexDeviceMotorEncoderUnitsSet
                0x0000000003802e68       0x2c /Applications/VEXcode Pro V5.app/Contents/Resources/sdk/vexv5/libv5rt.a(v5_apijump.c.obj)
                0x0000000003802e68                vexDeviceMotorEncoderUnitsSet
 .text.vexDeviceMotorBrakeModeSet
                0x0000000003802e94       0x2c /Applications/VEXcode Pro V5.app/Contents/Resources/sdk/vexv5/libv5rt.a(v5_apijump.c.obj)
                0x0000000003802e94                vexDeviceMotorBrakeModeSet
 .text.vexDeviceMotorPositionSet
                0x0000000003802ec0       0x34 /Applications/VEXcode Pro V5.app/Contents/Resources/sdk/vexv5/libv5rt.a(v5_apijump.c.obj)
                0x0000000003802ec0                vexDeviceMotorPositionSet
 .text.vexDeviceMotorPositionGet
                0x0000000003802ef4       0x24 /Applications/VEXcode Pro V5.app/Contents/Resources/sdk/vexv5/libv5rt.a(v5_apijump.c.obj)
                0x0000000003802ef4                vexDeviceMotorPositionGet
 .text.vexDeviceMotorRelativeTargetSet
                0x0000000003802f18       0x3c /Applications/VEXcode Pro V5.app/Contents/Resources/sdk/vexv5/libv5rt.a(v5_apijump.c.obj)
                0x0000000003802f18                vexDeviceMotorRelativeTargetSet
 .text.vexDeviceMotorGearingSet
                0x0000000003802f54       0x2c /Applications/VEXcode Pro V5.app/Contents/Resources/sdk/vexv5/libv5rt.a(v5_apijump.c.obj)
                0x0000000003802f54                vexDeviceMotorGearingSet
 .text.vexDeviceMotorGearingGet
                0x0000000003802f80       0x24 /Applications/VEXcode Pro V5.app/Contents/Resources/sdk/vexv5/libv5rt.a(v5_apijump.c.obj)
                0x0000000003802f80                vexDeviceMotorGearingGet
 .text.vexDeviceVisionModeSet
                0x0000000003802fa4       0x2c /Applications/VEXcode Pro V5.app/Contents/Resources/sdk/vexv5/libv5rt.a(v5_apijump.c.obj)
                0x0000000003802fa4                vexDeviceVisionModeSet
 .text.vexDeviceVisionObjectCountGet
                0x0000000003802fd0       0x24 /Applications/VEXcode Pro V5.app/Contents/Resources/sdk/vexv5/libv5rt.a(v5_apijump.c.obj)
                0x0000000003802fd0                vexDeviceVisionObjectCountGet
 .text.vexDeviceVisionObjectGet
                0x0000000003802ff4       0x34 /Applications/VEXcode Pro V5.app/Contents/Resources/sdk/vexv5/libv5rt.a(v5_apijump.c.obj)
                0x0000000003802ff4                vexDeviceVisionObjectGet
 .text.vexDeviceVisionSignatureSet
                0x0000000003803028       0x2c /Applications/VEXcode Pro V5.app/Contents/Resources/sdk/vexv5/libv5rt.a(v5_apijump.c.obj)
                0x0000000003803028                vexDeviceVisionSignatureSet
 .text.vexDeviceVisionBrightnessSet
                0x0000000003803054       0x2c /Applications/VEXcode Pro V5.app/Contents/Resources/sdk/vexv5/libv5rt.a(v5_apijump.c.obj)
                0x0000000003803054                vexDeviceVisionBrightnessSet
 .text.vexDeviceVisionLedModeSet
                0x0000000003803080       0x2c /Applications/VEXcode Pro V5.app/Contents/Resources/sdk/vexv5/libv5rt.a(v5_apijump.c.obj)
                0x0000000003803080                vexDeviceVisionLedModeSet
 .text.vexDeviceVisionLedColorSet
                0x00000000038030ac       0x30 /Applications/VEXcode Pro V5.app/Contents/Resources/sdk/vexv5/libv5rt.a(v5_apijump.c.obj)
                0x00000000038030ac                vexDeviceVisionLedColorSet
 .text.vexDeviceImuReset
                0x00000000038030dc       0x24 /Applications/VEXcode Pro V5.app/Contents/Resources/sdk/vexv5/libv5rt.a(v5_apijump.c.obj)
                0x00000000038030dc                vexDeviceImuReset
 .text.vexDeviceImuHeadingGet
                0x0000000003803100       0x24 /Applications/VEXcode Pro V5.app/Contents/Resources/sdk/vexv5/libv5rt.a(v5_apijump.c.obj)
                0x0000000003803100                vexDeviceImuHeadingGet
 .text.vexDeviceImuDegreesGet
                0x0000000003803124       0x24 /Applications/VEXcode Pro V5.app/Contents/Resources/sdk/vexv5/libv5rt.a(v5_apijump.c.obj)
                0x0000000003803124                vexDeviceImuDegreesGet
 .text.vexDeviceImuStatusGet
                0x0000000003803148       0x24 /Applications/VEXcode Pro V5.app/Contents/Resources/sdk/vexv5/libv5rt.a(v5_apijump.c.obj)
                0x0000000003803148                vexDeviceImuStatusGet
 .text.vexDisplayForegroundColor
                0x000000000380316c       0x24 /Applications/VEXcode Pro V5.app/Contents/Resources/sdk/vexv5/libv5rt.a(v5_apijump.c.obj)
                0x000000000380316c                vexDisplayForegroundColor
 .text.vexDisplayBackgroundColor
                0x0000000003803190       0x24 /Applications/VEXcode Pro V5.app/Contents/Resources/sdk/vexv5/libv5rt.a(v5_apijump.c.obj)
                0x0000000003803190                vexDisplayBackgroundColor
 .text.vexDisplayBackgroundColorGet
                0x00000000038031b4       0x1c /Applications/VEXcode Pro V5.app/Contents/Resources/sdk/vexv5/libv5rt.a(v5_apijump.c.obj)
                0x00000000038031b4                vexDisplayBackgroundColorGet
 .text.vexDisplayRectClear
                0x00000000038031d0       0x4c /Applications/VEXcode Pro V5.app/Contents/Resources/sdk/vexv5/libv5rt.a(v5_apijump.c.obj)
                0x00000000038031d0                vexDisplayRectClear
 .text.vexDisplayPrintf
                0x000000000380321c       0x68 /Applications/VEXcode Pro V5.app/Contents/Resources/sdk/vexv5/libv5rt.a(v5_apijump.c.obj)
                0x000000000380321c                vexDisplayPrintf
 .text.vexDisplayTextReference
                0x0000000003803284       0x24 /Applications/VEXcode Pro V5.app/Contents/Resources/sdk/vexv5/libv5rt.a(v5_apijump.c.obj)
                0x0000000003803284                vexDisplayTextReference
 .text.vexDisplayTextSize
                0x00000000038032a8       0x2c /Applications/VEXcode Pro V5.app/Contents/Resources/sdk/vexv5/libv5rt.a(v5_apijump.c.obj)
                0x00000000038032a8                vexDisplayTextSize
 .text.vexDisplayFontNamedSet
                0x00000000038032d4       0x24 /Applications/VEXcode Pro V5.app/Contents/Resources/sdk/vexv5/libv5rt.a(v5_apijump.c.obj)
                0x00000000038032d4                vexDisplayFontNamedSet
 .text.vexDisplayStringWidthGet
                0x00000000038032f8       0x24 /Applications/VEXcode Pro V5.app/Contents/Resources/sdk/vexv5/libv5rt.a(v5_apijump.c.obj)
                0x00000000038032f8                vexDisplayStringWidthGet
 .text.vexSystemStdlibImpureDataAddr
                0x000000000380331c       0x28 /Applications/VEXcode Pro V5.app/Contents/Resources/sdk/vexv5/libv5rt.a(v5_apijump.c.obj)
                0x000000000380331c                vexSystemStdlibImpureDataAddr
 .text.vexSystemStdlibImpureDataSize
                0x0000000003803344       0x28 /Applications/VEXcode Pro V5.app/Contents/Resources/sdk/vexv5/libv5rt.a(v5_apijump.c.obj)
                0x0000000003803344                vexSystemStdlibImpureDataSize
 .text.vexSystemSaveUserData
                0x000000000380336c       0x3c /Applications/VEXcode Pro V5.app/Contents/Resources/sdk/vexv5/libv5rt.a(v5_apijump.c.obj)
                0x000000000380336c                vexSystemSaveUserData
 .text.vexDisplayThemeIdGet
                0x00000000038033a8       0x38 /Applications/VEXcode Pro V5.app/Contents/Resources/sdk/vexv5/libv5rt.a(v5_apijump.c.obj)
                0x00000000038033a8                vexDisplayThemeIdGet
 .text.vexDeviceEventMaskSet
                0x00000000038033e0       0x48 /Applications/VEXcode Pro V5.app/Contents/Resources/sdk/vexv5/libv5rt.a(v5_apijump.c.obj)
                0x00000000038033e0                vexDeviceEventMaskSet
 .text.vexDeviceEventMaskGet
                0x0000000003803428       0x3c /Applications/VEXcode Pro V5.app/Contents/Resources/sdk/vexv5/libv5rt.a(v5_apijump.c.obj)
                0x0000000003803428                vexDeviceEventMaskGet
 .text.vexSystemVersion
                0x0000000003803464       0x10 /Applications/VEXcode Pro V5.app/Contents/Resources/sdk/vexv5/libv5rt.a(v5_apiversions.c.obj)
                0x0000000003803464                vexSystemVersion
 .text.vexStdlibVersion
                0x0000000003803474       0x10 /Applications/VEXcode Pro V5.app/Contents/Resources/sdk/vexv5/libv5rt.a(v5_apiversions.c.obj)
                0x0000000003803474                vexStdlibVersion
 *fill*         0x0000000003803484        0x4 
 .text._ZN3vex4waitEdNS_9timeUnitsE
                0x0000000003803488       0x30 /Applications/VEXcode Pro V5.app/Contents/Resources/sdk/vexv5/libv5rt.a(vex_global.cpp.obj)
                0x0000000003803488                vex::wait(double, vex::timeUnits)
 .text._ZN3vex5motorD2Ev
                0x00000000038034b8       0x20 /Applications/VEXcode Pro V5.app/Contents/Resources/sdk/vexv5/libv5rt.a(vex_motor.cpp.obj)
                0x00000000038034b8                vex::motor::~motor()
                0x00000000038034b8                vex::motor::~motor()
 .text._ZN3vex5motorD0Ev
                0x00000000038034d8       0x1c /Applications/VEXcode Pro V5.app/Contents/Resources/sdk/vexv5/libv5rt.a(vex_motor.cpp.obj)
                0x00000000038034d8                vex::motor::~motor()
 .text._ZN3vex5motor9installedEv
                0x00000000038034f4       0x18 /Applications/VEXcode Pro V5.app/Contents/Resources/sdk/vexv5/libv5rt.a(vex_motor.cpp.obj)
                0x00000000038034f4                vex::motor::installed()
 .text._ZN3vex5motor15defaultStoppingENS_9brakeTypeE
                0x000000000380350c       0x30 /Applications/VEXcode Pro V5.app/Contents/Resources/sdk/vexv5/libv5rt.a(vex_motor.cpp.obj)
                0x000000000380350c                vex::motor::defaultStopping(vex::brakeType)
 .text._ZN3vex5motor8setBrakeENS_9brakeTypeE
                0x000000000380353c        0x4 /Applications/VEXcode Pro V5.app/Contents/Resources/sdk/vexv5/libv5rt.a(vex_motor.cpp.obj)
                0x000000000380353c                vex::motor::setBrake(vex::brakeType)
 .text._ZN3vex5motor11setStoppingENS_9brakeTypeE
                0x0000000003803540        0x4 /Applications/VEXcode Pro V5.app/Contents/Resources/sdk/vexv5/libv5rt.a(vex_motor.cpp.obj)
                0x0000000003803540                vex::motor::setStopping(vex::brakeType)
 .text._ZN3vex5motorC2El
                0x0000000003803544       0x78 /Applications/VEXcode Pro V5.app/Contents/Resources/sdk/vexv5/libv5rt.a(vex_motor.cpp.obj)
                0x0000000003803544                vex::motor::motor(long)
                0x0000000003803544                vex::motor::motor(long)
 .text._ZN3vex5motorC2ElNS_11gearSettingEb
                0x00000000038035bc       0x34 /Applications/VEXcode Pro V5.app/Contents/Resources/sdk/vexv5/libv5rt.a(vex_motor.cpp.obj)
                0x00000000038035bc                vex::motor::motor(long, vex::gearSetting, bool)
                0x00000000038035bc                vex::motor::motor(long, vex::gearSetting, bool)
 .text._ZN3vex5motor4spinENS_13directionTypeEdNS_12voltageUnitsE
                0x00000000038035f0       0x50 /Applications/VEXcode Pro V5.app/Contents/Resources/sdk/vexv5/libv5rt.a(vex_motor.cpp.obj)
                0x00000000038035f0                vex::motor::spin(vex::directionType, double, vex::voltageUnits)
 .text._ZN3vex5motor4stopENS_9brakeTypeE
                0x0000000003803640       0x30 /Applications/VEXcode Pro V5.app/Contents/Resources/sdk/vexv5/libv5rt.a(vex_motor.cpp.obj)
                0x0000000003803640                vex::motor::stop(vex::brakeType)
 .text._ZN3vex5motor4stopEv
                0x0000000003803670        0x8 /Applications/VEXcode Pro V5.app/Contents/Resources/sdk/vexv5/libv5rt.a(vex_motor.cpp.obj)
                0x0000000003803670                vex::motor::stop()
 .text._ZN3vex5motor16velocityToScaledEdNS_13velocityUnitsE
                0x0000000003803678       0x5c /Applications/VEXcode Pro V5.app/Contents/Resources/sdk/vexv5/libv5rt.a(vex_motor.cpp.obj)
                0x0000000003803678                vex::motor::velocityToScaled(double, vex::velocityUnits)
 .text._ZN3vex5motor8velocityENS_13velocityUnitsE
                0x00000000038036d4       0x30 /Applications/VEXcode Pro V5.app/Contents/Resources/sdk/vexv5/libv5rt.a(vex_motor.cpp.obj)
                0x00000000038036d4                vex::motor::velocity(vex::velocityUnits)
 .text._ZN3vex5motor5valueEv
                0x0000000003803704       0x1c /Applications/VEXcode Pro V5.app/Contents/Resources/sdk/vexv5/libv5rt.a(vex_motor.cpp.obj)
                0x0000000003803704                vex::motor::value()
 .text._ZN3vex5motor16scaledToVelocityEdNS_13velocityUnitsE
                0x0000000003803720       0xa4 /Applications/VEXcode Pro V5.app/Contents/Resources/sdk/vexv5/libv5rt.a(vex_motor.cpp.obj)
                0x0000000003803720                vex::motor::scaledToVelocity(double, vex::velocityUnits)
 .text._ZN3vex5motor4spinENS_13directionTypeEdNS_13velocityUnitsE
                0x00000000038037c4       0x5c /Applications/VEXcode Pro V5.app/Contents/Resources/sdk/vexv5/libv5rt.a(vex_motor.cpp.obj)
                0x00000000038037c4                vex::motor::spin(vex::directionType, double, vex::velocityUnits)
 .text._ZN3vex5motor4spinENS_13directionTypeE
                0x0000000003803820       0x28 /Applications/VEXcode Pro V5.app/Contents/Resources/sdk/vexv5/libv5rt.a(vex_motor.cpp.obj)
                0x0000000003803820                vex::motor::spin(vex::directionType)
 .text._ZN3vex5motor9rotateForEdNS_9timeUnitsEdNS_13velocityUnitsE
                0x0000000003803848       0x78 /Applications/VEXcode Pro V5.app/Contents/Resources/sdk/vexv5/libv5rt.a(vex_motor.cpp.obj)
                0x0000000003803848                vex::motor::rotateFor(double, vex::timeUnits, double, vex::velocityUnits)
 .text._ZN3vex5motor7spinForENS_13directionTypeEdNS_9timeUnitsE
                0x00000000038038c0       0x44 /Applications/VEXcode Pro V5.app/Contents/Resources/sdk/vexv5/libv5rt.a(vex_motor.cpp.obj)
                0x00000000038038c0                vex::motor::spinFor(vex::directionType, double, vex::timeUnits)
 .text._ZN3vex5motor11setVelocityEdNS_13velocityUnitsE
                0x0000000003803904       0x54 /Applications/VEXcode Pro V5.app/Contents/Resources/sdk/vexv5/libv5rt.a(vex_motor.cpp.obj)
                0x0000000003803904                vex::motor::setVelocity(double, vex::velocityUnits)
 .text._ZN3vex5motor16setRotationUnitsENS_13rotationUnitsE
                0x0000000003803958       0x1c /Applications/VEXcode Pro V5.app/Contents/Resources/sdk/vexv5/libv5rt.a(vex_motor.cpp.obj)
                0x0000000003803958                vex::motor::setRotationUnits(vex::rotationUnits)
 .text._ZN3vex5motor11setRotationEdNS_13rotationUnitsE
                0x0000000003803974       0x44 /Applications/VEXcode Pro V5.app/Contents/Resources/sdk/vexv5/libv5rt.a(vex_motor.cpp.obj)
                0x0000000003803974                vex::motor::setRotation(double, vex::rotationUnits)
 .text._ZN3vex5motor13resetRotationEv
                0x00000000038039b8       0x20 /Applications/VEXcode Pro V5.app/Contents/Resources/sdk/vexv5/libv5rt.a(vex_motor.cpp.obj)
                0x00000000038039b8                vex::motor::resetRotation()
 .text._ZN3vex5motor9rotateForEdNS_13rotationUnitsEdNS_13velocityUnitsEb
                0x00000000038039d8       0xe0 /Applications/VEXcode Pro V5.app/Contents/Resources/sdk/vexv5/libv5rt.a(vex_motor.cpp.obj)
                0x00000000038039d8                vex::motor::rotateFor(double, vex::rotationUnits, double, vex::velocityUnits, bool)
 .text._ZN3vex5motor7spinForENS_13directionTypeEdNS_13rotationUnitsEb
                0x0000000003803ab8       0x3c /Applications/VEXcode Pro V5.app/Contents/Resources/sdk/vexv5/libv5rt.a(vex_motor.cpp.obj)
                0x0000000003803ab8                vex::motor::spinFor(vex::directionType, double, vex::rotationUnits, bool)
 .text._ZN3vex5motor8rotationENS_13rotationUnitsE
                0x0000000003803af4       0x44 /Applications/VEXcode Pro V5.app/Contents/Resources/sdk/vexv5/libv5rt.a(vex_motor.cpp.obj)
                0x0000000003803af4                vex::motor::rotation(vex::rotationUnits)
 .text._ZN3vex6vision9installedEv
                0x0000000003803b38       0x18 /Applications/VEXcode Pro V5.app/Contents/Resources/sdk/vexv5/libv5rt.a(vex_vision.cpp.obj)
                0x0000000003803b38                vex::vision::installed()
 .text._ZN3vex6visionD2Ev
                0x0000000003803b50       0x38 /Applications/VEXcode Pro V5.app/Contents/Resources/sdk/vexv5/libv5rt.a(vex_vision.cpp.obj)
                0x0000000003803b50                vex::vision::~vision()
                0x0000000003803b50                vex::vision::~vision()
 .text._ZN3vex6visionD0Ev
                0x0000000003803b88       0x1c /Applications/VEXcode Pro V5.app/Contents/Resources/sdk/vexv5/libv5rt.a(vex_vision.cpp.obj)
                0x0000000003803b88                vex::vision::~vision()
 .text._ZN3vex6vision12setSignatureERNS0_9signatureE
                0x0000000003803ba4       0x70 /Applications/VEXcode Pro V5.app/Contents/Resources/sdk/vexv5/libv5rt.a(vex_vision.cpp.obj)
                0x0000000003803ba4                vex::vision::setSignature(vex::vision::signature&)
 .text._ZN3vex6vision7setModeENS0_13detectionModeE
                0x0000000003803c14       0x18 /Applications/VEXcode Pro V5.app/Contents/Resources/sdk/vexv5/libv5rt.a(vex_vision.cpp.obj)
                0x0000000003803c14                vex::vision::setMode(vex::vision::detectionMode)
 .text._ZN3vex6vision13setBrightnessEh
                0x0000000003803c2c       0x30 /Applications/VEXcode Pro V5.app/Contents/Resources/sdk/vexv5/libv5rt.a(vex_vision.cpp.obj)
                0x0000000003803c2c                vex::vision::setBrightness(unsigned char)
 .text._ZN3vex6vision10setLedModeENS0_7ledModeE
                0x0000000003803c5c       0x18 /Applications/VEXcode Pro V5.app/Contents/Resources/sdk/vexv5/libv5rt.a(vex_vision.cpp.obj)
                0x0000000003803c5c                vex::vision::setLedMode(vex::vision::ledMode)
 .text._ZN3vex6vision11setLedColorEhhh
                0x0000000003803c74       0x30 /Applications/VEXcode Pro V5.app/Contents/Resources/sdk/vexv5/libv5rt.a(vex_vision.cpp.obj)
                0x0000000003803c74                vex::vision::setLedColor(unsigned char, unsigned char, unsigned char)
 .text._ZN3vex6vision9signatureD2Ev
                0x0000000003803ca4        0x4 /Applications/VEXcode Pro V5.app/Contents/Resources/sdk/vexv5/libv5rt.a(vex_vision.cpp.obj)
                0x0000000003803ca4                vex::vision::signature::~signature()
                0x0000000003803ca4                vex::vision::signature::~signature()
 .text._ZN3vex6vision9signature5clearEv
                0x0000000003803ca8       0x38 /Applications/VEXcode Pro V5.app/Contents/Resources/sdk/vexv5/libv5rt.a(vex_vision.cpp.obj)
                0x0000000003803ca8                vex::vision::signature::clear()
 .text._ZN3vex6vision9signatureC2Ev
                0x0000000003803ce0       0x60 /Applications/VEXcode Pro V5.app/Contents/Resources/sdk/vexv5/libv5rt.a(vex_vision.cpp.obj)
                0x0000000003803ce0                vex::vision::signature::signature()
                0x0000000003803ce0                vex::vision::signature::signature()
 .text._ZN3vex6vision9signatureC2Elllllllfl
                0x0000000003803d40       0x5c /Applications/VEXcode Pro V5.app/Contents/Resources/sdk/vexv5/libv5rt.a(vex_vision.cpp.obj)
                0x0000000003803d40                vex::vision::signature::signature(long, long, long, long, long, long, long, float, long)
                0x0000000003803d40                vex::vision::signature::signature(long, long, long, long, long, long, long, float, long)
 *fill*         0x0000000003803d9c        0x4 
 .text._ZN3vex6vision6object3setE22_V5_DeviceVisionObject
                0x0000000003803da0       0x78 /Applications/VEXcode Pro V5.app/Contents/Resources/sdk/vexv5/libv5rt.a(vex_vision.cpp.obj)
                0x0000000003803da0                vex::vision::object::set(_V5_DeviceVisionObject)
 .text._ZN3vex6vision6object5clearEv
                0x0000000003803e18       0x38 /Applications/VEXcode Pro V5.app/Contents/Resources/sdk/vexv5/libv5rt.a(vex_vision.cpp.obj)
                0x0000000003803e18                vex::vision::object::clear()
 .text._ZN3vex6vision6objectC2Ev
                0x0000000003803e50       0x58 /Applications/VEXcode Pro V5.app/Contents/Resources/sdk/vexv5/libv5rt.a(vex_vision.cpp.obj)
                0x0000000003803e50                vex::vision::object::object()
                0x0000000003803e50                vex::vision::object::object()
 .text._ZN3vex6vision13_clearObjectsEv
                0x0000000003803ea8       0x40 /Applications/VEXcode Pro V5.app/Contents/Resources/sdk/vexv5/libv5rt.a(vex_vision.cpp.obj)
                0x0000000003803ea8                vex::vision::_clearObjects()
 .text._ZN3vex6vision6objectaSERKS1_
                0x0000000003803ee8       0x74 /Applications/VEXcode Pro V5.app/Contents/Resources/sdk/vexv5/libv5rt.a(vex_vision.cpp.obj)
                0x0000000003803ee8                vex::vision::object::operator=(vex::vision::object const&)
 .text._ZN3vex6vision12takeSnapshotEmm
                0x0000000003803f5c       0xf4 /Applications/VEXcode Pro V5.app/Contents/Resources/sdk/vexv5/libv5rt.a(vex_vision.cpp.obj)
                0x0000000003803f5c                vex::vision::takeSnapshot(unsigned long, unsigned long)
 .text._ZN3vex6vision12takeSnapshotEm
                0x0000000003804050        0x8 /Applications/VEXcode Pro V5.app/Contents/Resources/sdk/vexv5/libv5rt.a(vex_vision.cpp.obj)
                0x0000000003804050                vex::vision::takeSnapshot(unsigned long)
 .text._ZN3vex6vision5valueEv
                0x0000000003804058        0x8 /Applications/VEXcode Pro V5.app/Contents/Resources/sdk/vexv5/libv5rt.a(vex_vision.cpp.obj)
                0x0000000003804058                vex::vision::value()
 .text._ZN3vex6vision12takeSnapshotERNS0_9signatureE
                0x0000000003804060       0x10 /Applications/VEXcode Pro V5.app/Contents/Resources/sdk/vexv5/libv5rt.a(vex_vision.cpp.obj)
                0x0000000003804060                vex::vision::takeSnapshot(vex::vision::signature&)
 .text._ZN3vex6vision6objectaSEl
                0x0000000003804070       0x38 /Applications/VEXcode Pro V5.app/Contents/Resources/sdk/vexv5/libv5rt.a(vex_vision.cpp.obj)
                0x0000000003804070                vex::vision::object::operator=(long)
 .text._ZN3vex6visionC2El
                0x00000000038040a8       0xa4 /Applications/VEXcode Pro V5.app/Contents/Resources/sdk/vexv5/libv5rt.a(vex_vision.cpp.obj)
                0x00000000038040a8                vex::vision::vision(long)
                0x00000000038040a8                vex::vision::vision(long)
 *fill*         0x000000000380414c        0x4 
 .text._ZN3vex8inertial10setHeadingEdNS_13rotationUnitsE
                0x0000000003804150       0x60 /Applications/VEXcode Pro V5.app/Contents/Resources/sdk/vexv5/libv5rt.a(vex_imu.cpp.obj)
                0x0000000003804150                vex::inertial::setHeading(double, vex::rotationUnits)
 .text._ZThn16_N3vex8inertial10setHeadingEdNS_13rotationUnitsE
                0x00000000038041b0        0x8 /Applications/VEXcode Pro V5.app/Contents/Resources/sdk/vexv5/libv5rt.a(vex_imu.cpp.obj)
                0x00000000038041b0                non-virtual thunk to vex::inertial::setHeading(double, vex::rotationUnits)
 .text._ZN3vex8inertial11setRotationEdNS_13rotationUnitsE
                0x00000000038041b8       0x60 /Applications/VEXcode Pro V5.app/Contents/Resources/sdk/vexv5/libv5rt.a(vex_imu.cpp.obj)
                0x00000000038041b8                vex::inertial::setRotation(double, vex::rotationUnits)
 .text._ZThn16_N3vex8inertial11setRotationEdNS_13rotationUnitsE
                0x0000000003804218        0x8 /Applications/VEXcode Pro V5.app/Contents/Resources/sdk/vexv5/libv5rt.a(vex_imu.cpp.obj)
                0x0000000003804218                non-virtual thunk to vex::inertial::setRotation(double, vex::rotationUnits)
 .text._ZN3vex8inertialD2Ev
                0x0000000003804220       0x20 /Applications/VEXcode Pro V5.app/Contents/Resources/sdk/vexv5/libv5rt.a(vex_imu.cpp.obj)
                0x0000000003804220                vex::inertial::~inertial()
                0x0000000003804220                vex::inertial::~inertial()
 .text._ZThn16_N3vex8inertialD1Ev
                0x0000000003804240        0x8 /Applications/VEXcode Pro V5.app/Contents/Resources/sdk/vexv5/libv5rt.a(vex_imu.cpp.obj)
                0x0000000003804240                non-virtual thunk to vex::inertial::~inertial()
 .text._ZN3vex8inertialD0Ev
                0x0000000003804248       0x1c /Applications/VEXcode Pro V5.app/Contents/Resources/sdk/vexv5/libv5rt.a(vex_imu.cpp.obj)
                0x0000000003804248                vex::inertial::~inertial()
 .text._ZThn16_N3vex8inertialD0Ev
                0x0000000003804264        0x8 /Applications/VEXcode Pro V5.app/Contents/Resources/sdk/vexv5/libv5rt.a(vex_imu.cpp.obj)
                0x0000000003804264                non-virtual thunk to vex::inertial::~inertial()
 .text._ZN3vex8inertial9installedEv
                0x000000000380426c       0x18 /Applications/VEXcode Pro V5.app/Contents/Resources/sdk/vexv5/libv5rt.a(vex_imu.cpp.obj)
                0x000000000380426c                vex::inertial::installed()
 .text._ZN3vex8inertial5angleENS_13rotationUnitsE
                0x0000000003804284       0x60 /Applications/VEXcode Pro V5.app/Contents/Resources/sdk/vexv5/libv5rt.a(vex_imu.cpp.obj)
                0x0000000003804284                vex::inertial::angle(vex::rotationUnits)
 .text._ZThn16_N3vex8inertial5angleENS_13rotationUnitsE
                0x00000000038042e4        0x8 /Applications/VEXcode Pro V5.app/Contents/Resources/sdk/vexv5/libv5rt.a(vex_imu.cpp.obj)
                0x00000000038042e4                non-virtual thunk to vex::inertial::angle(vex::rotationUnits)
 .text._ZN3vex8inertial7headingENS_13rotationUnitsE
                0x00000000038042ec        0x4 /Applications/VEXcode Pro V5.app/Contents/Resources/sdk/vexv5/libv5rt.a(vex_imu.cpp.obj)
                0x00000000038042ec                vex::inertial::heading(vex::rotationUnits)
 .text._ZThn16_N3vex8inertial7headingENS_13rotationUnitsE
                0x00000000038042f0        0x8 /Applications/VEXcode Pro V5.app/Contents/Resources/sdk/vexv5/libv5rt.a(vex_imu.cpp.obj)
                0x00000000038042f0                non-virtual thunk to vex::inertial::heading(vex::rotationUnits)
 .text._ZN3vex8inertial5valueEv
                0x00000000038042f8       0x1c /Applications/VEXcode Pro V5.app/Contents/Resources/sdk/vexv5/libv5rt.a(vex_imu.cpp.obj)
                0x00000000038042f8                vex::inertial::value()
 *fill*         0x0000000003804314        0x4 
 .text._ZN3vex8inertial8rotationENS_13rotationUnitsE
                0x0000000003804318       0x40 /Applications/VEXcode Pro V5.app/Contents/Resources/sdk/vexv5/libv5rt.a(vex_imu.cpp.obj)
                0x0000000003804318                vex::inertial::rotation(vex::rotationUnits)
 .text._ZThn16_N3vex8inertial8rotationENS_13rotationUnitsE
                0x0000000003804358        0x8 /Applications/VEXcode Pro V5.app/Contents/Resources/sdk/vexv5/libv5rt.a(vex_imu.cpp.obj)
                0x0000000003804358                non-virtual thunk to vex::inertial::rotation(vex::rotationUnits)
 .text._ZN3vex8inertial13isCalibratingEv
                0x0000000003804360       0x38 /Applications/VEXcode Pro V5.app/Contents/Resources/sdk/vexv5/libv5rt.a(vex_imu.cpp.obj)
                0x0000000003804360                vex::inertial::isCalibrating()
 .text._ZThn16_N3vex8inertial13isCalibratingEv
                0x0000000003804398        0x8 /Applications/VEXcode Pro V5.app/Contents/Resources/sdk/vexv5/libv5rt.a(vex_imu.cpp.obj)
                0x0000000003804398                non-virtual thunk to vex::inertial::isCalibrating()
 .text._ZN3vex8inertialC2El
                0x00000000038043a0       0x48 /Applications/VEXcode Pro V5.app/Contents/Resources/sdk/vexv5/libv5rt.a(vex_imu.cpp.obj)
                0x00000000038043a0                vex::inertial::inertial(long)
                0x00000000038043a0                vex::inertial::inertial(long)
 .text._ZN3vex8inertial13resetRotationEv
                0x00000000038043e8       0x20 /Applications/VEXcode Pro V5.app/Contents/Resources/sdk/vexv5/libv5rt.a(vex_imu.cpp.obj)
                0x00000000038043e8                vex::inertial::resetRotation()
 .text._ZN3vex8inertial16startCalibrationEl
                0x0000000003804408       0x20 /Applications/VEXcode Pro V5.app/Contents/Resources/sdk/vexv5/libv5rt.a(vex_imu.cpp.obj)
                0x0000000003804408                vex::inertial::startCalibration(long)
 .text._ZN3vex8inertial9calibrateEl
                0x0000000003804428        0xc /Applications/VEXcode Pro V5.app/Contents/Resources/sdk/vexv5/libv5rt.a(vex_imu.cpp.obj)
                0x0000000003804428                vex::inertial::calibrate(long)
                0x000000000380442c                non-virtual thunk to vex::inertial::calibrate(long)
 .text._ZN3vex10controllerD2Ev
                0x0000000003804434        0x4 /Applications/VEXcode Pro V5.app/Contents/Resources/sdk/vexv5/libv5rt.a(vex_controller.cpp.obj)
                0x0000000003804434                vex::controller::~controller()
                0x0000000003804434                vex::controller::~controller()
 .text._ZN3vex10controller5valueE19_V5_ControllerIndex
                0x0000000003804438        0x8 /Applications/VEXcode Pro V5.app/Contents/Resources/sdk/vexv5/libv5rt.a(vex_controller.cpp.obj)
                0x0000000003804438                vex::controller::value(_V5_ControllerIndex)
 .text._ZN3vex10controller6button8pressingEv
                0x0000000003804440       0xc8 /Applications/VEXcode Pro V5.app/Contents/Resources/sdk/vexv5/libv5rt.a(vex_controller.cpp.obj)
                0x0000000003804440                vex::controller::button::pressing()
 .text._ZN3vex10controller6button7pressedEPFvvE
                0x0000000003804508      0x108 /Applications/VEXcode Pro V5.app/Contents/Resources/sdk/vexv5/libv5rt.a(vex_controller.cpp.obj)
                0x0000000003804508                vex::controller::button::pressed(void (*)())
 .text._ZN3vex10controller6button21_buttonToPressedEventEv
                0x0000000003804610       0x20 /Applications/VEXcode Pro V5.app/Contents/Resources/sdk/vexv5/libv5rt.a(vex_controller.cpp.obj)
                0x0000000003804610                vex::controller::button::_buttonToPressedEvent()
 .text._ZN3vex10controller6button22_buttonToReleasedEventEv
                0x0000000003804630       0x20 /Applications/VEXcode Pro V5.app/Contents/Resources/sdk/vexv5/libv5rt.a(vex_controller.cpp.obj)
                0x0000000003804630                vex::controller::button::_buttonToReleasedEvent()
 .text._ZN3vex10controller6buttonC2ENS0_11tButtonTypeEPS0_
                0x0000000003804650       0x48 /Applications/VEXcode Pro V5.app/Contents/Resources/sdk/vexv5/libv5rt.a(vex_controller.cpp.obj)
                0x0000000003804650                vex::controller::button::button(vex::controller::tButtonType, vex::controller*)
                0x0000000003804650                vex::controller::button::button(vex::controller::tButtonType, vex::controller*)
 .text._ZN3vex10controller4axis5valueEv
                0x0000000003804698       0x58 /Applications/VEXcode Pro V5.app/Contents/Resources/sdk/vexv5/libv5rt.a(vex_controller.cpp.obj)
                0x0000000003804698                vex::controller::axis::value()
 .text._ZN3vex10controller4axis23_joystickToChangedEventEv
                0x00000000038046f0       0x20 /Applications/VEXcode Pro V5.app/Contents/Resources/sdk/vexv5/libv5rt.a(vex_controller.cpp.obj)
                0x00000000038046f0                vex::controller::axis::_joystickToChangedEvent()
 .text._ZN3vex10controller4axisC2ENS0_9tAxisTypeEPS0_
                0x0000000003804710       0x2c /Applications/VEXcode Pro V5.app/Contents/Resources/sdk/vexv5/libv5rt.a(vex_controller.cpp.obj)
                0x0000000003804710                vex::controller::axis::axis(vex::controller::tAxisType, vex::controller*)
                0x0000000003804710                vex::controller::axis::axis(vex::controller::tAxisType, vex::controller*)
 .text._ZN3vex10controllerC2ENS_14controllerTypeE
                0x000000000380473c      0x204 /Applications/VEXcode Pro V5.app/Contents/Resources/sdk/vexv5/libv5rt.a(vex_controller.cpp.obj)
                0x000000000380473c                vex::controller::controller(vex::controllerType)
                0x000000000380473c                vex::controller::controller(vex::controllerType)
 .text._ZN3vex10controller3lcd15getControllerIdEv
                0x0000000003804940       0x10 /Applications/VEXcode Pro V5.app/Contents/Resources/sdk/vexv5/libv5rt.a(vex_controller.cpp.obj)
                0x0000000003804940                vex::controller::lcd::getControllerId()
 .text._ZN3vex10controller3lcd9setCursorEll
                0x0000000003804950       0x40 /Applications/VEXcode Pro V5.app/Contents/Resources/sdk/vexv5/libv5rt.a(vex_controller.cpp.obj)
                0x0000000003804950                vex::controller::lcd::setCursor(long, long)
 .text._ZN3vex10controller3lcd5printEPKcz
                0x0000000003804990       0x80 /Applications/VEXcode Pro V5.app/Contents/Resources/sdk/vexv5/libv5rt.a(vex_controller.cpp.obj)
                0x0000000003804990                vex::controller::lcd::print(char const*, ...)
 .text._ZN3vex10controller3lcd9clearLineEi
                0x0000000003804a10       0x80 /Applications/VEXcode Pro V5.app/Contents/Resources/sdk/vexv5/libv5rt.a(vex_controller.cpp.obj)
                0x0000000003804a10                vex::controller::lcd::clearLine(int)
 .text._ZN3vex11this_thread9sleep_forEm
                0x0000000003804a90        0x4 /Applications/VEXcode Pro V5.app/Contents/Resources/sdk/vexv5/libv5rt.a(vex_thread.cpp.obj)
                0x0000000003804a90                vex::this_thread::sleep_for(unsigned long)
 .text._ZN3vex5event4initEmmPFvvE
                0x0000000003804a94        0x4 /Applications/VEXcode Pro V5.app/Contents/Resources/sdk/vexv5/libv5rt.a(vex_event.cpp.obj)
                0x0000000003804a94                vex::event::init(unsigned long, unsigned long, void (*)())
 .text._ZN3vex5event4initEmmPFvPvES1_
                0x0000000003804a98        0x4 /Applications/VEXcode Pro V5.app/Contents/Resources/sdk/vexv5/libv5rt.a(vex_event.cpp.obj)
                0x0000000003804a98                vex::event::init(unsigned long, unsigned long, void (*)(void*), void*)
 .text._ZN3vex5event9userindexEv
                0x0000000003804a9c        0x4 /Applications/VEXcode Pro V5.app/Contents/Resources/sdk/vexv5/libv5rt.a(vex_event.cpp.obj)
                0x0000000003804a9c                vex::event::userindex()
 .text._ZZN3vex6meventC4EmmENUlvE_4_FUNEv
                0x0000000003804aa0        0x4 /Applications/VEXcode Pro V5.app/Contents/Resources/sdk/vexv5/libv5rt.a(vex_mevent.cpp.obj)
 .text._ZN3vex6meventC2Emm
                0x0000000003804aa4       0x70 /Applications/VEXcode Pro V5.app/Contents/Resources/sdk/vexv5/libv5rt.a(vex_mevent.cpp.obj)
                0x0000000003804aa4                vex::mevent::mevent(unsigned long, unsigned long)
                0x0000000003804aa4                vex::mevent::mevent(unsigned long, unsigned long)
 .text._ZN3vex5brain9_getIndexEv
                0x0000000003804b14       0x10 /Applications/VEXcode Pro V5.app/Contents/Resources/sdk/vexv5/libv5rt.a(vex_brain.cpp.obj)
                0x0000000003804b14                vex::brain::_getIndex()
 .text._ZN3vex5brain5timerENS_9timeUnitsE
                0x0000000003804b24        0x4 /Applications/VEXcode Pro V5.app/Contents/Resources/sdk/vexv5/libv5rt.a(vex_brain.cpp.obj)
                0x0000000003804b24                vex::brain::timer(vex::timeUnits)
 .text._ZN3vex5brain3lcd9setCursorEll
                0x0000000003804b28       0x44 /Applications/VEXcode Pro V5.app/Contents/Resources/sdk/vexv5/libv5rt.a(vex_brain.cpp.obj)
                0x0000000003804b28                vex::brain::lcd::setCursor(long, long)
 .text._ZN3vex5brain3lcd7setFontENS_8fontTypeE
                0x0000000003804b6c      0x23c /Applications/VEXcode Pro V5.app/Contents/Resources/sdk/vexv5/libv5rt.a(vex_brain.cpp.obj)
                0x0000000003804b6c                vex::brain::lcd::setFont(vex::fontType)
 .text._ZN3vex5brain3lcdC2Ev
                0x0000000003804da8       0x94 /Applications/VEXcode Pro V5.app/Contents/Resources/sdk/vexv5/libv5rt.a(vex_brain.cpp.obj)
                0x0000000003804da8                vex::brain::lcd::lcd()
                0x0000000003804da8                vex::brain::lcd::lcd()
 .text._ZN3vex5brainC2Ev
                0x0000000003804e3c       0x38 /Applications/VEXcode Pro V5.app/Contents/Resources/sdk/vexv5/libv5rt.a(vex_brain.cpp.obj)
                0x0000000003804e3c                vex::brain::brain()
                0x0000000003804e3c                vex::brain::brain()
 .text._ZN3vex5brain3lcd12_clearScreenEm
                0x0000000003804e74       0x38 /Applications/VEXcode Pro V5.app/Contents/Resources/sdk/vexv5/libv5rt.a(vex_brain.cpp.obj)
                0x0000000003804e74                vex::brain::lcd::_clearScreen(unsigned long)
 .text._ZN3vex5brain3lcd11clearScreenERKNS_5colorE
                0x0000000003804eac       0x20 /Applications/VEXcode Pro V5.app/Contents/Resources/sdk/vexv5/libv5rt.a(vex_brain.cpp.obj)
                0x0000000003804eac                vex::brain::lcd::clearScreen(vex::color const&)
 .text._ZN3vex5brain3lcd11clearScreenEv
                0x0000000003804ecc       0x2c /Applications/VEXcode Pro V5.app/Contents/Resources/sdk/vexv5/libv5rt.a(vex_brain.cpp.obj)
                0x0000000003804ecc                vex::brain::lcd::clearScreen()
 .text._ZN3vex5brain3lcd7newLineEv
                0x0000000003804ef8       0x20 /Applications/VEXcode Pro V5.app/Contents/Resources/sdk/vexv5/libv5rt.a(vex_brain.cpp.obj)
                0x0000000003804ef8                vex::brain::lcd::newLine()
 .text._ZN3vex5brain3lcd7pressedEPFvvE
                0x0000000003804f18       0x1c /Applications/VEXcode Pro V5.app/Contents/Resources/sdk/vexv5/libv5rt.a(vex_brain.cpp.obj)
                0x0000000003804f18                vex::brain::lcd::pressed(void (*)())
 .text._ZN3vex5brain3lcd10rowToPixelEl
                0x0000000003804f34       0x34 /Applications/VEXcode Pro V5.app/Contents/Resources/sdk/vexv5/libv5rt.a(vex_brain.cpp.obj)
                0x0000000003804f34                vex::brain::lcd::rowToPixel(long)
 .text._ZN3vex5brain3lcd9clearLineEv
                0x0000000003804f68       0x38 /Applications/VEXcode Pro V5.app/Contents/Resources/sdk/vexv5/libv5rt.a(vex_brain.cpp.obj)
                0x0000000003804f68                vex::brain::lcd::clearLine()
 .text._ZN3vex5brain3lcd10colToPixelEl
                0x0000000003804fa0       0x1c /Applications/VEXcode Pro V5.app/Contents/Resources/sdk/vexv5/libv5rt.a(vex_brain.cpp.obj)
                0x0000000003804fa0                vex::brain::lcd::colToPixel(long)
 .text._ZN3vex5brain3lcd5printEPKcz
                0x0000000003804fbc       0xa0 /Applications/VEXcode Pro V5.app/Contents/Resources/sdk/vexv5/libv5rt.a(vex_brain.cpp.obj)
                0x0000000003804fbc                vex::brain::lcd::print(char const*, ...)
 .text._ZN3vex5brainD2Ev
                0x000000000380505c       0x20 /Applications/VEXcode Pro V5.app/Contents/Resources/sdk/vexv5/libv5rt.a(vex_brain.cpp.obj)
                0x000000000380505c                vex::brain::~brain()
                0x000000000380505c                vex::brain::~brain()
 .text._ZN3vex11competition11_autonomousEv
                0x000000000380507c       0x90 /Applications/VEXcode Pro V5.app/Contents/Resources/sdk/vexv5/libv5rt.a(vex_competition.cpp.obj)
                0x000000000380507c                vex::competition::_autonomous()
 .text._ZN3vex11competition14_drivercontrolEv
                0x000000000380510c       0x90 /Applications/VEXcode Pro V5.app/Contents/Resources/sdk/vexv5/libv5rt.a(vex_competition.cpp.obj)
                0x000000000380510c                vex::competition::_drivercontrol()
 .text._ZN3vex11competition8_disableEPv
                0x000000000380519c       0xc8 /Applications/VEXcode Pro V5.app/Contents/Resources/sdk/vexv5/libv5rt.a(vex_competition.cpp.obj)
                0x000000000380519c                vex::competition::_disable(void*)
 .text._ZN3vex11competitionC2Ev
                0x0000000003805264      0x13c /Applications/VEXcode Pro V5.app/Contents/Resources/sdk/vexv5/libv5rt.a(vex_competition.cpp.obj)
                0x0000000003805264                vex::competition::competition()
                0x0000000003805264                vex::competition::competition()
 .text._ZN3vex11competitionD2Ev
                0x00000000038053a0        0x4 /Applications/VEXcode Pro V5.app/Contents/Resources/sdk/vexv5/libv5rt.a(vex_competition.cpp.obj)
                0x00000000038053a0                vex::competition::~competition()
                0x00000000038053a0                vex::competition::~competition()
 .text._ZN3vex11competition10autonomousEPFvvE
                0x00000000038053a4       0x44 /Applications/VEXcode Pro V5.app/Contents/Resources/sdk/vexv5/libv5rt.a(vex_competition.cpp.obj)
                0x00000000038053a4                vex::competition::autonomous(void (*)())
 .text._ZN3vex11competition13drivercontrolEPFvvE
                0x00000000038053e8       0x44 /Applications/VEXcode Pro V5.app/Contents/Resources/sdk/vexv5/libv5rt.a(vex_competition.cpp.obj)
                0x00000000038053e8                vex::competition::drivercontrol(void (*)())
 .text._ZN3vex7triportD2Ev
                0x000000000380542c       0x38 /Applications/VEXcode Pro V5.app/Contents/Resources/sdk/vexv5/libv5rt.a(vex_triport.cpp.obj)
                0x000000000380542c                vex::triport::~triport()
                0x000000000380542c                vex::triport::~triport()
 .text._ZN3vex7triportD0Ev
                0x0000000003805464       0x1c /Applications/VEXcode Pro V5.app/Contents/Resources/sdk/vexv5/libv5rt.a(vex_triport.cpp.obj)
                0x0000000003805464                vex::triport::~triport()
 .text._ZN3vex7triport9installedEv
                0x0000000003805480       0x18 /Applications/VEXcode Pro V5.app/Contents/Resources/sdk/vexv5/libv5rt.a(vex_triport.cpp.obj)
                0x0000000003805480                vex::triport::installed()
 .text._ZN3vex7triport4portC2ElPS0_
                0x0000000003805498       0x74 /Applications/VEXcode Pro V5.app/Contents/Resources/sdk/vexv5/libv5rt.a(vex_triport.cpp.obj)
                0x0000000003805498                vex::triport::port::port(long, vex::triport*)
                0x0000000003805498                vex::triport::port::port(long, vex::triport*)
 .text._ZN3vex7triportC2El
                0x000000000380550c       0xf0 /Applications/VEXcode Pro V5.app/Contents/Resources/sdk/vexv5/libv5rt.a(vex_triport.cpp.obj)
                0x000000000380550c                vex::triport::triport(long)
                0x000000000380550c                vex::triport::triport(long)
 .text._ZN3vex7triport4port4typeENS_11triportTypeE
                0x00000000038055fc       0x30 /Applications/VEXcode Pro V5.app/Contents/Resources/sdk/vexv5/libv5rt.a(vex_triport.cpp.obj)
                0x00000000038055fc                vex::triport::port::type(vex::triportType)
 .text._ZN3vex7triport4port4typeEv
                0x000000000380562c       0x38 /Applications/VEXcode Pro V5.app/Contents/Resources/sdk/vexv5/libv5rt.a(vex_triport.cpp.obj)
                0x000000000380562c                vex::triport::port::type()
 .text._ZN3vex7triport4port5valueEv
                0x0000000003805664       0x14 /Applications/VEXcode Pro V5.app/Contents/Resources/sdk/vexv5/libv5rt.a(vex_triport.cpp.obj)
                0x0000000003805664                vex::triport::port::value()
 .text._ZN3vex11__trideviceC2ERNS_7triport4portENS_11triportTypeE
                0x0000000003805678       0x5c /Applications/VEXcode Pro V5.app/Contents/Resources/sdk/vexv5/libv5rt.a(vex_triport.cpp.obj)
                0x0000000003805678                vex::__tridevice::__tridevice(vex::triport::port&, vex::triportType)
                0x0000000003805678                vex::__tridevice::__tridevice(vex::triport::port&, vex::triportType)
 .text._ZN3vex6bumperC2ERNS_7triport4portE
                0x00000000038056d4       0x28 /Applications/VEXcode Pro V5.app/Contents/Resources/sdk/vexv5/libv5rt.a(vex_triport.cpp.obj)
                0x00000000038056d4                vex::bumper::bumper(vex::triport::port&)
                0x00000000038056d4                vex::bumper::bumper(vex::triport::port&)
 .text._ZN3vex6bumperD2Ev
                0x00000000038056fc        0x4 /Applications/VEXcode Pro V5.app/Contents/Resources/sdk/vexv5/libv5rt.a(vex_triport.cpp.obj)
                0x00000000038056fc                vex::bumper::~bumper()
                0x00000000038056fc                vex::bumper::~bumper()
 .text._ZN3vex6bumper5valueEv
                0x0000000003805700        0x8 /Applications/VEXcode Pro V5.app/Contents/Resources/sdk/vexv5/libv5rt.a(vex_triport.cpp.obj)
                0x0000000003805700                vex::bumper::value()
 .text.startup._GLOBAL__sub_I__ZN3vex7triportC2El
                0x0000000003805708       0x30 /Applications/VEXcode Pro V5.app/Contents/Resources/sdk/vexv5/libv5rt.a(vex_triport.cpp.obj)
 .text._ZN3vex5colorD2Ev
                0x0000000003805738        0x4 /Applications/VEXcode Pro V5.app/Contents/Resources/sdk/vexv5/libv5rt.a(vex_color.cpp.obj)
                0x0000000003805738                vex::color::~color()
                0x0000000003805738                vex::color::~color()
 .text._ZNK3vex5colorcvmEv
                0x000000000380573c        0x8 /Applications/VEXcode Pro V5.app/Contents/Resources/sdk/vexv5/libv5rt.a(vex_color.cpp.obj)
                0x000000000380573c                vex::color::operator unsigned long() const
 .text.startup._GLOBAL__sub_I__ZN3vex5color5blackE
                0x0000000003805744      0x164 /Applications/VEXcode Pro V5.app/Contents/Resources/sdk/vexv5/libv5rt.a(vex_color.cpp.obj)
 .text._ZN3vex5timerD2Ev
                0x00000000038058a8        0x4 /Applications/VEXcode Pro V5.app/Contents/Resources/sdk/vexv5/libv5rt.a(vex_timer.cpp.obj)
                0x00000000038058a8                vex::timer::~timer()
                0x00000000038058a8                vex::timer::~timer()
 .text._ZN3vex5timer5clearEv
                0x00000000038058ac       0x1c /Applications/VEXcode Pro V5.app/Contents/Resources/sdk/vexv5/libv5rt.a(vex_timer.cpp.obj)
                0x00000000038058ac                vex::timer::clear()
 .text._ZN3vex5timerC2Ev
                0x00000000038058c8       0x14 /Applications/VEXcode Pro V5.app/Contents/Resources/sdk/vexv5/libv5rt.a(vex_timer.cpp.obj)
                0x00000000038058c8                vex::timer::timer()
                0x00000000038058c8                vex::timer::timer()
 *fill*         0x00000000038058dc        0x4 
 .text._ZNK3vex5timer4timeENS_9timeUnitsE
                0x00000000038058e0       0x40 /Applications/VEXcode Pro V5.app/Contents/Resources/sdk/vexv5/libv5rt.a(vex_timer.cpp.obj)
                0x00000000038058e0                vex::timer::time(vex::timeUnits) const
 .text.vexAdiPortConfigSet
                0x0000000003805920       0x28 /Applications/VEXcode Pro V5.app/Contents/Resources/sdk/vexv5/libv5rt.a(v5_apiuser.c.obj)
                0x0000000003805920                vexAdiPortConfigSet
 .text.vexAdiPortConfigGet
                0x0000000003805948       0x28 /Applications/VEXcode Pro V5.app/Contents/Resources/sdk/vexv5/libv5rt.a(v5_apiuser.c.obj)
                0x0000000003805948                vexAdiPortConfigGet
 .text.vexAdiValueGet
                0x0000000003805970       0x20 /Applications/VEXcode Pro V5.app/Contents/Resources/sdk/vexv5/libv5rt.a(v5_apiuser.c.obj)
                0x0000000003805970                vexAdiValueGet
 .text.vexMotorVelocitySet
                0x0000000003805990       0x20 /Applications/VEXcode Pro V5.app/Contents/Resources/sdk/vexv5/libv5rt.a(v5_apiuser.c.obj)
                0x0000000003805990                vexMotorVelocitySet
 .text.vexMotorVoltageSet
                0x00000000038059b0       0x20 /Applications/VEXcode Pro V5.app/Contents/Resources/sdk/vexv5/libv5rt.a(v5_apiuser.c.obj)
                0x00000000038059b0                vexMotorVoltageSet
 .text.vexMotorActualVelocityGet
                0x00000000038059d0       0x24 /Applications/VEXcode Pro V5.app/Contents/Resources/sdk/vexv5/libv5rt.a(v5_apiuser.c.obj)
                0x00000000038059d0                vexMotorActualVelocityGet
 .text.vexMotorZeroPositionFlagGet
                0x00000000038059f4       0x18 /Applications/VEXcode Pro V5.app/Contents/Resources/sdk/vexv5/libv5rt.a(v5_apiuser.c.obj)
                0x00000000038059f4                vexMotorZeroPositionFlagGet
 .text.vexMotorReverseFlagSet
                0x0000000003805a0c       0x20 /Applications/VEXcode Pro V5.app/Contents/Resources/sdk/vexv5/libv5rt.a(v5_apiuser.c.obj)
                0x0000000003805a0c                vexMotorReverseFlagSet
 .text.vexMotorEncoderUnitsSet
                0x0000000003805a2c       0x20 /Applications/VEXcode Pro V5.app/Contents/Resources/sdk/vexv5/libv5rt.a(v5_apiuser.c.obj)
                0x0000000003805a2c                vexMotorEncoderUnitsSet
 .text.vexMotorBrakeModeSet
                0x0000000003805a4c       0x20 /Applications/VEXcode Pro V5.app/Contents/Resources/sdk/vexv5/libv5rt.a(v5_apiuser.c.obj)
                0x0000000003805a4c                vexMotorBrakeModeSet
 .text.vexMotorPositionSet
                0x0000000003805a6c       0x28 /Applications/VEXcode Pro V5.app/Contents/Resources/sdk/vexv5/libv5rt.a(v5_apiuser.c.obj)
                0x0000000003805a6c                vexMotorPositionSet
 .text.vexMotorPositionGet
                0x0000000003805a94       0x24 /Applications/VEXcode Pro V5.app/Contents/Resources/sdk/vexv5/libv5rt.a(v5_apiuser.c.obj)
                0x0000000003805a94                vexMotorPositionGet
 .text.vexMotorRelativeTargetSet
                0x0000000003805ab8       0x30 /Applications/VEXcode Pro V5.app/Contents/Resources/sdk/vexv5/libv5rt.a(v5_apiuser.c.obj)
                0x0000000003805ab8                vexMotorRelativeTargetSet
 .text.vexMotorGearingSet
                0x0000000003805ae8       0x20 /Applications/VEXcode Pro V5.app/Contents/Resources/sdk/vexv5/libv5rt.a(v5_apiuser.c.obj)
                0x0000000003805ae8                vexMotorGearingSet
 .text.vexMotorGearingGet
                0x0000000003805b08       0x18 /Applications/VEXcode Pro V5.app/Contents/Resources/sdk/vexv5/libv5rt.a(v5_apiuser.c.obj)
                0x0000000003805b08                vexMotorGearingGet
 .text.vexVisionModeSet
                0x0000000003805b20       0x20 /Applications/VEXcode Pro V5.app/Contents/Resources/sdk/vexv5/libv5rt.a(v5_apiuser.c.obj)
                0x0000000003805b20                vexVisionModeSet
 .text.vexVisionObjectCountGet
                0x0000000003805b40       0x18 /Applications/VEXcode Pro V5.app/Contents/Resources/sdk/vexv5/libv5rt.a(v5_apiuser.c.obj)
                0x0000000003805b40                vexVisionObjectCountGet
 .text.vexVisionObjectGet
                0x0000000003805b58       0x28 /Applications/VEXcode Pro V5.app/Contents/Resources/sdk/vexv5/libv5rt.a(v5_apiuser.c.obj)
                0x0000000003805b58                vexVisionObjectGet
 .text.vexVisionSignatureSet
                0x0000000003805b80       0x20 /Applications/VEXcode Pro V5.app/Contents/Resources/sdk/vexv5/libv5rt.a(v5_apiuser.c.obj)
                0x0000000003805b80                vexVisionSignatureSet
 .text.vexVisionBrightnessSet
                0x0000000003805ba0       0x20 /Applications/VEXcode Pro V5.app/Contents/Resources/sdk/vexv5/libv5rt.a(v5_apiuser.c.obj)
                0x0000000003805ba0                vexVisionBrightnessSet
 .text.vexVisionLedModeSet
                0x0000000003805bc0       0x20 /Applications/VEXcode Pro V5.app/Contents/Resources/sdk/vexv5/libv5rt.a(v5_apiuser.c.obj)
                0x0000000003805bc0                vexVisionLedModeSet
 .text.vexVisionLedColorSet
                0x0000000003805be0       0x2c /Applications/VEXcode Pro V5.app/Contents/Resources/sdk/vexv5/libv5rt.a(v5_apiuser.c.obj)
                0x0000000003805be0                vexVisionLedColorSet
 .text.vexImuReset
                0x0000000003805c0c       0x10 /Applications/VEXcode Pro V5.app/Contents/Resources/sdk/vexv5/libv5rt.a(v5_apiuser.c.obj)
                0x0000000003805c0c                vexImuReset
 .text.vexImuHeadingGet
                0x0000000003805c1c       0x10 /Applications/VEXcode Pro V5.app/Contents/Resources/sdk/vexv5/libv5rt.a(v5_apiuser.c.obj)
                0x0000000003805c1c                vexImuHeadingGet
 .text.vexImuDegreesGet
                0x0000000003805c2c       0x10 /Applications/VEXcode Pro V5.app/Contents/Resources/sdk/vexv5/libv5rt.a(v5_apiuser.c.obj)
                0x0000000003805c2c                vexImuDegreesGet
 .text.vexImuStatusGet
                0x0000000003805c3c       0x10 /Applications/VEXcode Pro V5.app/Contents/Resources/sdk/vexv5/libv5rt.a(v5_apiuser.c.obj)
                0x0000000003805c3c                vexImuStatusGet
 .text.vexEventMaskSet
                0x0000000003805c4c       0x28 /Applications/VEXcode Pro V5.app/Contents/Resources/sdk/vexv5/libv5rt.a(v5_apiuser.c.obj)
                0x0000000003805c4c                vexEventMaskSet
 .text.vexEventMaskGet
                0x0000000003805c74       0x18 /Applications/VEXcode Pro V5.app/Contents/Resources/sdk/vexv5/libv5rt.a(v5_apiuser.c.obj)
                0x0000000003805c74                vexEventMaskGet
 .text._ZN3vex6deviceD2Ev
                0x0000000003805c8c        0x4 /Applications/VEXcode Pro V5.app/Contents/Resources/sdk/vexv5/libv5rt.a(vex_device.cpp.obj)
                0x0000000003805c8c                vex::device::~device()
                0x0000000003805c8c                vex::device::~device()
 .text._ZN3vex6device5valueEv
                0x0000000003805c90        0x8 /Applications/VEXcode Pro V5.app/Contents/Resources/sdk/vexv5/libv5rt.a(vex_device.cpp.obj)
                0x0000000003805c90                vex::device::value()
 .text._ZN3vex6deviceD0Ev
                0x0000000003805c98       0x14 /Applications/VEXcode Pro V5.app/Contents/Resources/sdk/vexv5/libv5rt.a(vex_device.cpp.obj)
                0x0000000003805c98                vex::device::~device()
 .text._ZN3vex6device4initEl
                0x0000000003805cac       0x30 /Applications/VEXcode Pro V5.app/Contents/Resources/sdk/vexv5/libv5rt.a(vex_device.cpp.obj)
                0x0000000003805cac                vex::device::init(long)
 .text._ZN3vex6deviceC2El
                0x0000000003805cdc       0x20 /Applications/VEXcode Pro V5.app/Contents/Resources/sdk/vexv5/libv5rt.a(vex_device.cpp.obj)
                0x0000000003805cdc                vex::device::device(long)
                0x0000000003805cdc                vex::device::device(long)
 .text._ZN3vex6device4typeEv
                0x0000000003805cfc       0x10 /Applications/VEXcode Pro V5.app/Contents/Resources/sdk/vexv5/libv5rt.a(vex_device.cpp.obj)
                0x0000000003805cfc                vex::device::type()
 .text._ZN3vex6device9installedEv
                0x0000000003805d0c       0x14 /Applications/VEXcode Pro V5.app/Contents/Resources/sdk/vexv5/libv5rt.a(vex_device.cpp.obj)
                0x0000000003805d0c                vex::device::installed()
 .text._ZN3vex4taskC2EPFivE
                0x0000000003805d20       0x5c /Applications/VEXcode Pro V5.app/Contents/Resources/sdk/vexv5/libv5rt.a(vex_task.cpp.obj)
                0x0000000003805d20                vex::task::task(int (*)())
                0x0000000003805d20                vex::task::task(int (*)())
 .text._ZN3vex4taskD2Ev
                0x0000000003805d7c        0x4 /Applications/VEXcode Pro V5.app/Contents/Resources/sdk/vexv5/libv5rt.a(vex_task.cpp.obj)
                0x0000000003805d7c                vex::task::~task()
                0x0000000003805d7c                vex::task::~task()
 .text._ZN3vex4task4stopERKS0_
                0x0000000003805d80       0x18 /Applications/VEXcode Pro V5.app/Contents/Resources/sdk/vexv5/libv5rt.a(vex_task.cpp.obj)
                0x0000000003805d80                vex::task::stop(vex::task const&)
 .text._ZN3vex4task6_indexEPFivE
                0x0000000003805d98       0x14 /Applications/VEXcode Pro V5.app/Contents/Resources/sdk/vexv5/libv5rt.a(vex_task.cpp.obj)
                0x0000000003805d98                vex::task::_index(int (*)())
 .text._ZN3vex4task8_stopAllEv
                0x0000000003805dac       0x3c /Applications/VEXcode Pro V5.app/Contents/Resources/sdk/vexv5/libv5rt.a(vex_task.cpp.obj)
                0x0000000003805dac                vex::task::_stopAll()
 .text.__aeabi_memclr
                0x0000000003805de8        0x8 /Applications/VEXcode Pro V5.app/Contents/Resources/sdk/vexv5/gcc/libs/libc.a(lib_a-aeabi_memclr.o)
                0x0000000003805de8                __aeabi_memclr8
                0x0000000003805de8                __aeabi_memclr4
                0x0000000003805de8                __aeabi_memclr
 .text.__aeabi_memcpy
                0x0000000003805df0        0x4 /Applications/VEXcode Pro V5.app/Contents/Resources/sdk/vexv5/gcc/libs/libc.a(lib_a-aeabi_memcpy.o)
                0x0000000003805df0                __aeabi_memcpy4
                0x0000000003805df0                __aeabi_memcpy
                0x0000000003805df0                __aeabi_memcpy8
 .text.__libc_fini_array
                0x0000000003805df4       0x30 /Applications/VEXcode Pro V5.app/Contents/Resources/sdk/vexv5/gcc/libs/libc.a(lib_a-fini.o)
                0x0000000003805df4                __libc_fini_array
 .text.__libc_init_array
                0x0000000003805e24       0x58 /Applications/VEXcode Pro V5.app/Contents/Resources/sdk/vexv5/gcc/libs/libc.a(lib_a-init.o)
                0x0000000003805e24                __libc_init_array
 .text.memcpy   0x0000000003805e7c       0xa8 /Applications/VEXcode Pro V5.app/Contents/Resources/sdk/vexv5/gcc/libs/libc.a(lib_a-memcpy.o)
                0x0000000003805e7c                memcpy
 *fill*         0x0000000003805f24        0x4 
 .text.memcpy.__stub
                0x0000000003805f28       0x18 linker stubs
 *(.gnu.linkonce.t.*)
 *(.plt)
 *(.gnu_warning)
 *(.gcc_except_table)
 *(.glue_7)
 .glue_7        0x0000000003805f40        0x0 linker stubs
 *(.glue_7t)
 .glue_7t       0x0000000003805f40        0x0 linker stubs
 *(.vfp11_veneer)
 .vfp11_veneer  0x0000000003805f40        0x0 linker stubs
 *(.ARM.extab)
 *(.gnu.linkonce.armextab.*)

.v4_bx          0x0000000003805f40        0x0
 .v4_bx         0x0000000003805f40        0x0 linker stubs

.iplt           0x0000000003805f40        0x0
 .iplt          0x0000000003805f40        0x0 build/src/AutonSupport.o

.init
 *(.init)

.fini
 *(.fini)

.rodata         0x0000000003805f40      0x388
                0x0000000003805f40                __rodata_start = .
 *(.rodata)
 *(.rodata.*)
 .rodata.str1.1
                0x0000000003805f40        0xf build/src/AutonSupport.o
 .rodata.str1.1
                0x0000000003805f4f       0xa2 build/src/Autons.o
 .rodata.str1.1
                0x0000000003805ff1       0x6d build/src/DriveFunctions.o
 .rodata.str1.1
                0x000000000380605e       0x40 build/src/Functions.o
 .rodata.str1.1
                0x000000000380609e       0x3c build/src/PID.o
                                         0x47 (size before relaxing)
 .rodata.str1.1
                0x00000000038060da       0x2e /Applications/VEXcode Pro V5.app/Contents/Resources/sdk/vexv5/libv5rt.a(v5_startup.c.obj)
 .rodata._ZN3vex6PORT20E
                0x0000000003806108        0x4 /Applications/VEXcode Pro V5.app/Contents/Resources/sdk/vexv5/libv5rt.a(vex_global.cpp.obj)
                0x0000000003806108                vex::PORT20
 .rodata._ZN3vex3revE
                0x000000000380610c        0x4 /Applications/VEXcode Pro V5.app/Contents/Resources/sdk/vexv5/libv5rt.a(vex_global.cpp.obj)
                0x000000000380610c                vex::rev
 .rodata._ZN3vex5PORT3E
                0x0000000003806110        0x4 /Applications/VEXcode Pro V5.app/Contents/Resources/sdk/vexv5/libv5rt.a(vex_global.cpp.obj)
                0x0000000003806110                vex::PORT3
 .rodata._ZN3vex5PORT1E
                0x0000000003806114        0x4 /Applications/VEXcode Pro V5.app/Contents/Resources/sdk/vexv5/libv5rt.a(vex_global.cpp.obj)
                0x0000000003806114                vex::PORT1
 .rodata._ZN3vex7reverseE
                0x0000000003806118        0x4 /Applications/VEXcode Pro V5.app/Contents/Resources/sdk/vexv5/libv5rt.a(vex_global.cpp.obj)
                0x0000000003806118                vex::reverse
 .rodata._ZN3vex6PORT10E
                0x000000000380611c        0x4 /Applications/VEXcode Pro V5.app/Contents/Resources/sdk/vexv5/libv5rt.a(vex_global.cpp.obj)
                0x000000000380611c                vex::PORT10
 .rodata._ZN3vex5PORT5E
                0x0000000003806120        0x4 /Applications/VEXcode Pro V5.app/Contents/Resources/sdk/vexv5/libv5rt.a(vex_global.cpp.obj)
                0x0000000003806120                vex::PORT5
 .rodata._ZN3vex7forwardE
                0x0000000003806124        0x4 /Applications/VEXcode Pro V5.app/Contents/Resources/sdk/vexv5/libv5rt.a(vex_global.cpp.obj)
                0x0000000003806124                vex::forward
 .rodata._ZN3vex3pctE
                0x0000000003806128        0x4 /Applications/VEXcode Pro V5.app/Contents/Resources/sdk/vexv5/libv5rt.a(vex_global.cpp.obj)
                0x0000000003806128                vex::pct
 .rodata._ZN3vex3secE
                0x000000000380612c        0x4 /Applications/VEXcode Pro V5.app/Contents/Resources/sdk/vexv5/libv5rt.a(vex_global.cpp.obj)
                0x000000000380612c                vex::sec
 .rodata._ZN3vex4msecE
                0x0000000003806130        0x4 /Applications/VEXcode Pro V5.app/Contents/Resources/sdk/vexv5/libv5rt.a(vex_global.cpp.obj)
                0x0000000003806130                vex::msec
 .rodata._ZN3vex5PORT2E
                0x0000000003806134        0x4 /Applications/VEXcode Pro V5.app/Contents/Resources/sdk/vexv5/libv5rt.a(vex_global.cpp.obj)
                0x0000000003806134                vex::PORT2
 .rodata._ZN3vex3rpmE
                0x0000000003806138        0x4 /Applications/VEXcode Pro V5.app/Contents/Resources/sdk/vexv5/libv5rt.a(vex_global.cpp.obj)
                0x0000000003806138                vex::rpm
 .rodata._ZN3vex7primaryE
                0x000000000380613c        0x4 /Applications/VEXcode Pro V5.app/Contents/Resources/sdk/vexv5/libv5rt.a(vex_global.cpp.obj)
                0x000000000380613c                vex::primary
 .rodata._ZN3vex7percentE
                0x0000000003806140        0x4 /Applications/VEXcode Pro V5.app/Contents/Resources/sdk/vexv5/libv5rt.a(vex_global.cpp.obj)
                0x0000000003806140                vex::percent
 .rodata._ZN3vex6PORT19E
                0x0000000003806144        0x4 /Applications/VEXcode Pro V5.app/Contents/Resources/sdk/vexv5/libv5rt.a(vex_global.cpp.obj)
                0x0000000003806144                vex::PORT19
 .rodata._ZN3vex6PORT22E
                0x0000000003806148        0x4 /Applications/VEXcode Pro V5.app/Contents/Resources/sdk/vexv5/libv5rt.a(vex_global.cpp.obj)
                0x0000000003806148                vex::PORT22
 .rodata._ZN3vex6PORT12E
                0x000000000380614c        0x4 /Applications/VEXcode Pro V5.app/Contents/Resources/sdk/vexv5/libv5rt.a(vex_global.cpp.obj)
                0x000000000380614c                vex::PORT12
 .rodata._ZN3vex6PORT16E
                0x0000000003806150        0x4 /Applications/VEXcode Pro V5.app/Contents/Resources/sdk/vexv5/libv5rt.a(vex_global.cpp.obj)
                0x0000000003806150                vex::PORT16
 .rodata._ZN3vex8ratio6_1E
                0x0000000003806154        0x4 /Applications/VEXcode Pro V5.app/Contents/Resources/sdk/vexv5/libv5rt.a(vex_global.cpp.obj)
                0x0000000003806154                vex::ratio6_1
 .rodata._ZN3vex5brakeE
                0x0000000003806158        0x4 /Applications/VEXcode Pro V5.app/Contents/Resources/sdk/vexv5/libv5rt.a(vex_global.cpp.obj)
                0x0000000003806158                vex::brake
 .rodata._ZN3vex5PORT4E
                0x000000000380615c        0x4 /Applications/VEXcode Pro V5.app/Contents/Resources/sdk/vexv5/libv5rt.a(vex_global.cpp.obj)
                0x000000000380615c                vex::PORT4
 .rodata._ZN3vex9ratio18_1E
                0x0000000003806160        0x4 /Applications/VEXcode Pro V5.app/Contents/Resources/sdk/vexv5/libv5rt.a(vex_global.cpp.obj)
                0x0000000003806160                vex::ratio18_1
 .rodata._ZN3vex7secondsE
                0x0000000003806164        0x4 /Applications/VEXcode Pro V5.app/Contents/Resources/sdk/vexv5/libv5rt.a(vex_global.cpp.obj)
                0x0000000003806164                vex::seconds
 .rodata._ZTVN3vex5motorE
                0x0000000003806168       0x18 /Applications/VEXcode Pro V5.app/Contents/Resources/sdk/vexv5/libv5rt.a(vex_motor.cpp.obj)
                0x0000000003806168                vtable for vex::motor
 .rodata._ZTVN3vex6visionE
                0x0000000003806180       0x18 /Applications/VEXcode Pro V5.app/Contents/Resources/sdk/vexv5/libv5rt.a(vex_vision.cpp.obj)
                0x0000000003806180                vtable for vex::vision
 .rodata._ZTVN3vex8inertialE
                0x0000000003806198       0x60 /Applications/VEXcode Pro V5.app/Contents/Resources/sdk/vexv5/libv5rt.a(vex_imu.cpp.obj)
                0x0000000003806198                vtable for vex::inertial
 .rodata.str1.1
                0x00000000038061f8       0x1f /Applications/VEXcode Pro V5.app/Contents/Resources/sdk/vexv5/libv5rt.a(vex_controller.cpp.obj)
                                         0x20 (size before relaxing)
 .rodata.CSWTCH.16
                0x0000000003806217        0xb /Applications/VEXcode Pro V5.app/Contents/Resources/sdk/vexv5/libv5rt.a(vex_controller.cpp.obj)
 .rodata.CSWTCH.18
                0x0000000003806222        0xb /Applications/VEXcode Pro V5.app/Contents/Resources/sdk/vexv5/libv5rt.a(vex_controller.cpp.obj)
 .rodata.CSWTCH.24
                0x000000000380622d        0x3 /Applications/VEXcode Pro V5.app/Contents/Resources/sdk/vexv5/libv5rt.a(vex_controller.cpp.obj)
 .rodata.str1.1
                0x0000000003806230       0x2d /Applications/VEXcode Pro V5.app/Contents/Resources/sdk/vexv5/libv5rt.a(vex_brain.cpp.obj)
 .rodata.CSWTCH.36
                0x000000000380625d       0x10 /Applications/VEXcode Pro V5.app/Contents/Resources/sdk/vexv5/libv5rt.a(vex_triport.cpp.obj)
 *fill*         0x000000000380626d        0x3 
 .rodata._ZTVN3vex7triportE
                0x0000000003806270       0x18 /Applications/VEXcode Pro V5.app/Contents/Resources/sdk/vexv5/libv5rt.a(vex_triport.cpp.obj)
                0x0000000003806270                vtable for vex::triport
 .rodata.CSWTCH.31
                0x0000000003806288        0xe /Applications/VEXcode Pro V5.app/Contents/Resources/sdk/vexv5/libv5rt.a(vex_triport.cpp.obj)
 *fill*         0x0000000003806296        0x2 
 .rodata._ZTVN3vex6deviceE
                0x0000000003806298       0x18 /Applications/VEXcode Pro V5.app/Contents/Resources/sdk/vexv5/libv5rt.a(vex_device.cpp.obj)
                0x0000000003806298                vtable for vex::device
 .rodata.str1.1
                0x00000000038062b0       0x14 /Applications/VEXcode Pro V5.app/Contents/Resources/sdk/vexv5/libv5rt.a(vex_task.cpp.obj)
 .rodata.str1.4
                0x00000000038062c4        0x4 /Applications/VEXcode Pro V5.app/Contents/Resources/sdk/vexv5/gcc/libs/libc.a(lib_a-impure.o)
                                          0x2 (size before relaxing)
 *(.gnu.linkonce.r.*)
                0x00000000038062c8                __rodata_end = .

.rodata1        0x00000000038062c8        0x0
                0x00000000038062c8                __rodata1_start = .
 *(.rodata1)
 *(.rodata1.*)
                0x00000000038062c8                __rodata1_end = .

.sdata2         0x00000000038062c8        0x0
                0x00000000038062c8                __sdata2_start = .
 *(.sdata2)
 *(.sdata2.*)
 *(.gnu.linkonce.s2.*)
                0x00000000038062c8                __sdata2_end = .

.sbss2          0x00000000038062c8        0x0
                0x00000000038062c8                __sbss2_start = .
 *(.sbss2)
 *(.sbss2.*)
 *(.gnu.linkonce.sb2.*)
                0x00000000038062c8                __sbss2_end = .

.data           0x00000000038062c8      0x45c
                0x00000000038062c8                __data_start = .
 *(.data)
 *(.data.*)
 .data.state_name
                0x00000000038062c8        0x5 build/src/AutonSupport.o
                0x00000000038062c8                state_name
 *fill*         0x00000000038062cd        0x3 
 .data._ZL12lin_slewRate
                0x00000000038062d0        0x8 build/src/DriveFunctions.o
 .data._ZL9lin_minDT
                0x00000000038062d8        0x4 build/src/DriveFunctions.o
 *fill*         0x00000000038062dc        0x4 
 .data._ZL12rot_slewRate
                0x00000000038062e0        0x8 build/src/DriveFunctions.o
 .data._ZL9rot_minDT
                0x00000000038062e8        0x4 build/src/DriveFunctions.o
 .data.appRunning
                0x00000000038062ec        0x4 /Applications/VEXcode Pro V5.app/Contents/Resources/sdk/vexv5/libv5rt.a(v5_startup.c.obj)
                0x00000000038062ec                appRunning
 .data.__yoff   0x00000000038062f0        0x4 /Applications/VEXcode Pro V5.app/Contents/Resources/sdk/vexv5/libv5rt.a(v5_apijump.c.obj)
 .data._ZN3vex24__default_motor_velocityE
                0x00000000038062f4        0x4 /Applications/VEXcode Pro V5.app/Contents/Resources/sdk/vexv5/libv5rt.a(vex_motor.cpp.obj)
                0x00000000038062f4                vex::__default_motor_velocity
 .data.impure_data
                0x00000000038062f8      0x428 /Applications/VEXcode Pro V5.app/Contents/Resources/sdk/vexv5/gcc/libs/libc.a(lib_a-impure.o)
 .data._impure_ptr
                0x0000000003806720        0x4 /Applications/VEXcode Pro V5.app/Contents/Resources/sdk/vexv5/gcc/libs/libc.a(lib_a-impure.o)
                0x0000000003806720                _impure_ptr
 *(.gnu.linkonce.d.*)
 *(.jcr)
 *(.got)
 *(.got.plt)
                0x0000000003806724                __data_end = .

.igot.plt       0x0000000003806724        0x0
 .igot.plt      0x0000000003806724        0x0 build/src/AutonSupport.o

.data1          0x0000000003806724        0x0
                0x0000000003806724                __data1_start = .
 *(.data1)
 *(.data1.*)
                0x0000000003806724                __data1_end = .

.got
 *(.got)

.ctors          0x0000000003806724        0x0
                0x0000000003806724                __CTOR_LIST__ = .
                0x0000000003806724                ___CTORS_LIST___ = .
 *crtbegin.o(.ctors)
 *(EXCLUDE_FILE(*crtend.o) .ctors)
 *(SORT_BY_NAME(.ctors.*))
 *(.ctors)
                0x0000000003806724                __CTOR_END__ = .
                0x0000000003806724                ___CTORS_END___ = .

.dtors          0x0000000003806724        0x0
                0x0000000003806724                __DTOR_LIST__ = .
                0x0000000003806724                ___DTORS_LIST___ = .
 *crtbegin.o(.dtors)
 *(EXCLUDE_FILE(*crtend.o) .dtors)
 *(SORT_BY_NAME(.dtors.*))
 *(.dtors)
                0x0000000003806724                __DTOR_END__ = .
                0x0000000003806724                ___DTORS_END___ = .

.fixup          0x0000000003806724        0x0
                0x0000000003806724                __fixup_start = .
 *(.fixup)
                0x0000000003806724                __fixup_end = .

.eh_frame
 *(.eh_frame)

.eh_framehdr    0x0000000003806724        0x0
                0x0000000003806724                __eh_framehdr_start = .
 *(.eh_framehdr)
                0x0000000003806724                __eh_framehdr_end = .

.gcc_except_table
 *(.gcc_except_table)

.mmu_tbl        0x0000000003808000        0x0
                0x0000000003808000                __mmu_tbl_start = .
 *(.mmu_tbl)
                0x0000000003808000                __mmu_tbl_end = .

.ARM.exidx      0x0000000003806724        0x8
                0x0000000003806724                __exidx_start = .
 *(.ARM.exidx*)
 .ARM.exidx.text._Z12Paint_Screenv
                0x0000000003806724        0x8 build/src/AutonSupport.o
 .ARM.exidx.text._Z12cycle_autonsv
                0x000000000380672c        0x0 build/src/AutonSupport.o
                                          0x8 (size before relaxing)
 .ARM.exidx.text._Z6Auton1v
                0x000000000380672c        0x0 build/src/Autons.o
                                          0x8 (size before relaxing)
 .ARM.exidx.text._Z12AutonSkills1v
                0x000000000380672c        0x0 build/src/Autons.o
                                          0x8 (size before relaxing)
 .ARM.exidx.text._Z12AutonSkills2v
                0x000000000380672c        0x0 build/src/Autons.o
                                          0x8 (size before relaxing)
 .ARM.exidx.text._Z9userDrivev
                0x000000000380672c        0x0 build/src/DriveFunctions.o
                                          0x8 (size before relaxing)
 .ARM.exidx.text._Z10moveLinearfih
                0x000000000380672c        0x0 build/src/DriveFunctions.o
                                          0x8 (size before relaxing)
 .ARM.exidx.text._Z8moveStopv
                0x000000000380672c        0x0 build/src/DriveFunctions.o
                                          0x8 (size before relaxing)
 .ARM.exidx.text._Z10moveRotatesih
                0x000000000380672c        0x0 build/src/DriveFunctions.o
                                          0x8 (size before relaxing)
 .ARM.exidx.text._Z11setLinGainsddddi
                0x000000000380672c        0x0 build/src/DriveFunctions.o
                                          0x8 (size before relaxing)
 .ARM.exidx.text._Z11setRotGainsddddi
                0x000000000380672c        0x0 build/src/DriveFunctions.o
                                          0x8 (size before relaxing)
 .ARM.exidx.text._GLOBAL__sub_I_DriveFunctions.cpp
                0x000000000380672c        0x0 build/src/DriveFunctions.o
                                          0x8 (size before relaxing)
 .ARM.exidx.text._ZN3vex6visionC2IJNS0_9signatureES2_S2_S2_S2_S2_S2_EEElhDpRT_
                0x000000000380672c        0x0 build/src/Functions.o
                                          0x8 (size before relaxing)
 .ARM.exidx.text._Z5punchv
                0x000000000380672c        0x0 build/src/Functions.o
                                          0x8 (size before relaxing)
 .ARM.exidx.text._Z9punchBackv
                0x000000000380672c        0x0 build/src/Functions.o
                                          0x8 (size before relaxing)
 .ARM.exidx.text._Z8intakeUpf
                0x000000000380672c        0x0 build/src/Functions.o
                                          0x8 (size before relaxing)
 .ARM.exidx.text._Z12cameraCenteri
                0x000000000380672c        0x0 build/src/Functions.o
                                          0x8 (size before relaxing)
 .ARM.exidx.text._Z5towerv
                0x000000000380672c        0x0 build/src/Functions.o
                                          0x8 (size before relaxing)
 .ARM.exidx.text._ZN3vex6vision7_setsigINS0_9signatureEJS2_S2_S2_S2_EEEvRT_DpRT0_
                0x000000000380672c        0x0 build/src/Functions.o